Archive member included to satisfy reference by file (symbol)

c:/st/stm32cubeide_1.7.0/stm32cubeide/plugins/com.st.stm32cube.ide.mcu.externaltools.gnu-tools-for-stm32.9-2020-q2-update.win32_2.0.0.202105311346/tools/bin/../lib/gcc/arm-none-eabi/9.3.1/../../../../arm-none-eabi/lib/thumb/v7e-m+fp/hard\libc_nano.a(lib_a-errno.o)
                              ./Core/Src/syscalls.o (__errno)
c:/st/stm32cubeide_1.7.0/stm32cubeide/plugins/com.st.stm32cube.ide.mcu.externaltools.gnu-tools-for-stm32.9-2020-q2-update.win32_2.0.0.202105311346/tools/bin/../lib/gcc/arm-none-eabi/9.3.1/../../../../arm-none-eabi/lib/thumb/v7e-m+fp/hard\libc_nano.a(lib_a-exit.o)
                              c:/st/stm32cubeide_1.7.0/stm32cubeide/plugins/com.st.stm32cube.ide.mcu.externaltools.gnu-tools-for-stm32.9-2020-q2-update.win32_2.0.0.202105311346/tools/bin/../lib/gcc/arm-none-eabi/9.3.1/../../../../arm-none-eabi/lib/thumb/v7e-m+fp/hard/crt0.o (exit)
c:/st/stm32cubeide_1.7.0/stm32cubeide/plugins/com.st.stm32cube.ide.mcu.externaltools.gnu-tools-for-stm32.9-2020-q2-update.win32_2.0.0.202105311346/tools/bin/../lib/gcc/arm-none-eabi/9.3.1/../../../../arm-none-eabi/lib/thumb/v7e-m+fp/hard\libc_nano.a(lib_a-impure.o)
                              c:/st/stm32cubeide_1.7.0/stm32cubeide/plugins/com.st.stm32cube.ide.mcu.externaltools.gnu-tools-for-stm32.9-2020-q2-update.win32_2.0.0.202105311346/tools/bin/../lib/gcc/arm-none-eabi/9.3.1/../../../../arm-none-eabi/lib/thumb/v7e-m+fp/hard\libc_nano.a(lib_a-exit.o) (_global_impure_ptr)
c:/st/stm32cubeide_1.7.0/stm32cubeide/plugins/com.st.stm32cube.ide.mcu.externaltools.gnu-tools-for-stm32.9-2020-q2-update.win32_2.0.0.202105311346/tools/bin/../lib/gcc/arm-none-eabi/9.3.1/../../../../arm-none-eabi/lib/thumb/v7e-m+fp/hard\libc_nano.a(lib_a-init.o)
                              c:/st/stm32cubeide_1.7.0/stm32cubeide/plugins/com.st.stm32cube.ide.mcu.externaltools.gnu-tools-for-stm32.9-2020-q2-update.win32_2.0.0.202105311346/tools/bin/../lib/gcc/arm-none-eabi/9.3.1/../../../../arm-none-eabi/lib/thumb/v7e-m+fp/hard/crt0.o (__libc_init_array)
c:/st/stm32cubeide_1.7.0/stm32cubeide/plugins/com.st.stm32cube.ide.mcu.externaltools.gnu-tools-for-stm32.9-2020-q2-update.win32_2.0.0.202105311346/tools/bin/../lib/gcc/arm-none-eabi/9.3.1/../../../../arm-none-eabi/lib/thumb/v7e-m+fp/hard\libc_nano.a(lib_a-memset.o)
                              c:/st/stm32cubeide_1.7.0/stm32cubeide/plugins/com.st.stm32cube.ide.mcu.externaltools.gnu-tools-for-stm32.9-2020-q2-update.win32_2.0.0.202105311346/tools/bin/../lib/gcc/arm-none-eabi/9.3.1/../../../../arm-none-eabi/lib/thumb/v7e-m+fp/hard/crt0.o (memset)
c:/st/stm32cubeide_1.7.0/stm32cubeide/plugins/com.st.stm32cube.ide.mcu.externaltools.gnu-tools-for-stm32.9-2020-q2-update.win32_2.0.0.202105311346/tools/bin/../lib/gcc/arm-none-eabi/9.3.1/../../../../arm-none-eabi/lib/thumb/v7e-m+fp/hard\libc_nano.a(lib_a-sprintf.o)
                              ./Core/Src/main.o (sprintf)
c:/st/stm32cubeide_1.7.0/stm32cubeide/plugins/com.st.stm32cube.ide.mcu.externaltools.gnu-tools-for-stm32.9-2020-q2-update.win32_2.0.0.202105311346/tools/bin/../lib/gcc/arm-none-eabi/9.3.1/../../../../arm-none-eabi/lib/thumb/v7e-m+fp/hard\libc_nano.a(lib_a-strlen.o)
                              ./Core/Src/main.o (strlen)
c:/st/stm32cubeide_1.7.0/stm32cubeide/plugins/com.st.stm32cube.ide.mcu.externaltools.gnu-tools-for-stm32.9-2020-q2-update.win32_2.0.0.202105311346/tools/bin/../lib/gcc/arm-none-eabi/9.3.1/../../../../arm-none-eabi/lib/thumb/v7e-m+fp/hard\libc_nano.a(lib_a-nano-svfprintf.o)
                              c:/st/stm32cubeide_1.7.0/stm32cubeide/plugins/com.st.stm32cube.ide.mcu.externaltools.gnu-tools-for-stm32.9-2020-q2-update.win32_2.0.0.202105311346/tools/bin/../lib/gcc/arm-none-eabi/9.3.1/../../../../arm-none-eabi/lib/thumb/v7e-m+fp/hard\libc_nano.a(lib_a-sprintf.o) (_svfprintf_r)
c:/st/stm32cubeide_1.7.0/stm32cubeide/plugins/com.st.stm32cube.ide.mcu.externaltools.gnu-tools-for-stm32.9-2020-q2-update.win32_2.0.0.202105311346/tools/bin/../lib/gcc/arm-none-eabi/9.3.1/../../../../arm-none-eabi/lib/thumb/v7e-m+fp/hard\libc_nano.a(lib_a-nano-vfprintf_i.o)
                              c:/st/stm32cubeide_1.7.0/stm32cubeide/plugins/com.st.stm32cube.ide.mcu.externaltools.gnu-tools-for-stm32.9-2020-q2-update.win32_2.0.0.202105311346/tools/bin/../lib/gcc/arm-none-eabi/9.3.1/../../../../arm-none-eabi/lib/thumb/v7e-m+fp/hard\libc_nano.a(lib_a-nano-svfprintf.o) (_printf_i)
c:/st/stm32cubeide_1.7.0/stm32cubeide/plugins/com.st.stm32cube.ide.mcu.externaltools.gnu-tools-for-stm32.9-2020-q2-update.win32_2.0.0.202105311346/tools/bin/../lib/gcc/arm-none-eabi/9.3.1/../../../../arm-none-eabi/lib/thumb/v7e-m+fp/hard\libc_nano.a(lib_a-memchr.o)
[...]
Memory Configuration

Name             Origin             Length             Attributes
RAM              0x0000000020000000 0x0000000000020000 xrw
FLASH            0x0000000008000000 0x0000000000080000 xr
*default*        0x0000000000000000 0xffffffffffffffff

Linker script and memory map

LOAD c:/st/stm32cubeide_1.7.0/stm32cubeide/plugins/com.st.stm32cube.ide.mcu.externaltools.gnu-tools-for-stm32.9-2020-q2-update.win32_2.0.0.202105311346/tools/bin/../lib/gcc/arm-none-eabi/9.3.1/thumb/v7e-m+fp/hard/crti.o
LOAD c:/st/stm32cubeide_1.7.0/stm32cubeide/plugins/com.st.stm32cube.ide.mcu.externaltools.gnu-tools-for-stm32.9-2020-q2-update.win32_2.0.0.202105311346/tools/bin/../lib/gcc/arm-none-eabi/9.3.1/thumb/v7e-m+fp/hard/crtbegin.o
LOAD c:/st/stm32cubeide_1.7.0/stm32cubeide/plugins/com.st.stm32cube.ide.mcu.externaltools.gnu-tools-for-stm32.9-2020-q2-update.win32_2.0.0.202105311346/tools/bin/../lib/gcc/arm-none-eabi/9.3.1/../../../../arm-none-eabi/lib/thumb/v7e-m+fp/hard/crt0.o
LOAD ./Core/Src/AHT20.o
LOAD ./Core/Src/main.o
LOAD ./Core/Src/stm32f4xx_hal_msp.o
LOAD ./Core/Src/stm32f4xx_it.o
LOAD ./Core/Src/syscalls.o
LOAD ./Core/Src/sysmem.o
LOAD ./Core/Src/system_stm32f4xx.o
LOAD ./Core/Startup/startup_stm32f411ceux.o
LOAD ./Drivers/STM32F4xx_HAL_Driver/Src/stm32f4xx_hal.o
LOAD ./Drivers/STM32F4xx_HAL_Driver/Src/stm32f4xx_hal_cortex.o
LOAD ./Drivers/STM32F4xx_HAL_Driver/Src/stm32f4xx_hal_dma.o
LOAD ./Drivers/STM32F4xx_HAL_Driver/Src/stm32f4xx_hal_dma_ex.o
LOAD ./Drivers/STM32F4xx_HAL_Driver/Src/stm32f4xx_hal_exti.o
LOAD ./Drivers/STM32F4xx_HAL_Driver/Src/stm32f4xx_hal_flash.o
LOAD ./Drivers/STM32F4xx_HAL_Driver/Src/stm32f4xx_hal_flash_ex.o
LOAD ./Drivers/STM32F4xx_HAL_Driver/Src/stm32f4xx_hal_flash_ramfunc.o
LOAD ./Drivers/STM32F4xx_HAL_Driver/Src/stm32f4xx_hal_gpio.o
LOAD ./Drivers/STM32F4xx_HAL_Driver/Src/stm32f4xx_hal_i2c.o
LOAD ./Drivers/STM32F4xx_HAL_Driver/Src/stm32f4xx_hal_i2c_ex.o
LOAD ./Drivers/STM32F4xx_HAL_Driver/Src/stm32f4xx_hal_pcd.o
LOAD ./Drivers/STM32F4xx_HAL_Driver/Src/stm32f4xx_hal_pcd_ex.o
LOAD ./Drivers/STM32F4xx_HAL_Driver/Src/stm32f4xx_hal_pwr.o
LOAD ./Drivers/STM32F4xx_HAL_Driver/Src/stm32f4xx_hal_pwr_ex.o
LOAD ./Drivers/STM32F4xx_HAL_Driver/Src/stm32f4xx_hal_rcc.o
LOAD ./Drivers/STM32F4xx_HAL_Driver/Src/stm32f4xx_hal_rcc_ex.o
LOAD ./Drivers/STM32F4xx_HAL_Driver/Src/stm32f4xx_hal_tim.o
LOAD ./Drivers/STM32F4xx_HAL_Driver/Src/stm32f4xx_hal_tim_ex.o
LOAD ./Drivers/STM32F4xx_HAL_Driver/Src/stm32f4xx_ll_usb.o
LOAD ./Middlewares/ST/STM32_USB_Device_Library/Class/CDC/Src/usbd_cdc.o
LOAD ./Middlewares/ST/STM32_USB_Device_Library/Core/Src/usbd_core.o
LOAD ./Middlewares/ST/STM32_USB_Device_Library/Core/Src/usbd_ctlreq.o
LOAD ./Middlewares/ST/STM32_USB_Device_Library/Core/Src/usbd_ioreq.o
LOAD ./USB_DEVICE/App/usb_device.o
LOAD ./USB_DEVICE/App/usbd_cdc_if.o
LOAD ./USB_DEVICE/App/usbd_desc.o
LOAD ./USB_DEVICE/Target/usbd_conf.o
START GROUP
LOAD c:/st/stm32cubeide_1.7.0/stm32cubeide/plugins/com.st.stm32cube.ide.mcu.externaltools.gnu-tools-for-stm32.9-2020-q2-update.win32_2.0.0.202105311346/tools/bin/../lib/gcc/arm-none-eabi/9.3.1/../../../../arm-none-eabi/lib/thumb/v7e-m+fp/hard\libc_nano.a
LOAD c:/st/stm32cubeide_1.7.0/stm32cubeide/plugins/com.st.stm32cube.ide.mcu.externaltools.gnu-tools-for-stm32.9-2020-q2-update.win32_2.0.0.202105311346/tools/bin/../lib/gcc/arm-none-eabi/9.3.1/../../../../arm-none-eabi/lib/thumb/v7e-m+fp/hard\libm.a
END GROUP
START GROUP
LOAD c:/st/stm32cubeide_1.7.0/stm32cubeide/plugins/com.st.stm32cube.ide.mcu.externaltools.gnu-tools-for-stm32.9-2020-q2-update.win32_2.0.0.202105311346/tools/bin/../lib/gcc/arm-none-eabi/9.3.1/thumb/v7e-m+fp/hard\libgcc.a
LOAD c:/st/stm32cubeide_1.7.0/stm32cubeide/plugins/com.st.stm32cube.ide.mcu.externaltools.gnu-tools-for-stm32.9-2020-q2-update.win32_2.0.0.202105311346/tools/bin/../lib/gcc/arm-none-eabi/9.3.1/../../../../arm-none-eabi/lib/thumb/v7e-m+fp/hard\libc_nano.a
END GROUP
START GROUP
LOAD c:/st/stm32cubeide_1.7.0/stm32cubeide/plugins/com.st.stm32cube.ide.mcu.externaltools.gnu-tools-for-stm32.9-2020-q2-update.win32_2.0.0.202105311346/tools/bin/../lib/gcc/arm-none-eabi/9.3.1/thumb/v7e-m+fp/hard\libgcc.a
LOAD c:/st/stm32cubeide_1.7.0/stm32cubeide/plugins/com.st.stm32cube.ide.mcu.externaltools.gnu-tools-for-stm32.9-2020-q2-update.win32_2.0.0.202105311346/tools/bin/../lib/gcc/arm-none-eabi/9.3.1/../../../../arm-none-eabi/lib/thumb/v7e-m+fp/hard\libc_nano.a
LOAD c:/st/stm32cubeide_1.7.0/stm32cubeide/plugins/com.st.stm32cube.ide.mcu.externaltools.gnu-tools-for-stm32.9-2020-q2-update.win32_2.0.0.202105311346/tools/bin/../lib/gcc/arm-none-eabi/9.3.1/../../../../arm-none-eabi/lib/thumb/v7e-m+fp/hard\libnosys.a
END GROUP
START GROUP
LOAD c:/st/stm32cubeide_1.7.0/stm32cubeide/plugins/com.st.stm32cube.ide.mcu.externaltools.gnu-tools-for-stm32.9-2020-q2-update.win32_2.0.0.202105311346/tools/bin/../lib/gcc/arm-none-eabi/9.3.1/thumb/v7e-m+fp/hard\libgcc.a
LOAD c:/st/stm32cubeide_1.7.0/stm32cubeide/plugins/com.st.stm32cube.ide.mcu.externaltools.gnu-tools-for-stm32.9-2020-q2-update.win32_2.0.0.202105311346/tools/bin/../lib/gcc/arm-none-eabi/9.3.1/../../../../arm-none-eabi/lib/thumb/v7e-m+fp/hard\libc_nano.a
LOAD c:/st/stm32cubeide_1.7.0/stm32cubeide/plugins/com.st.stm32cube.ide.mcu.externaltools.gnu-tools-for-stm32.9-2020-q2-update.win32_2.0.0.202105311346/tools/bin/../lib/gcc/arm-none-eabi/9.3.1/../../../../arm-none-eabi/lib/thumb/v7e-m+fp/hard\libnosys.a
END GROUP
LOAD c:/st/stm32cubeide_1.7.0/stm32cubeide/plugins/com.st.stm32cube.ide.mcu.externaltools.gnu-tools-for-stm32.9-2020-q2-update.win32_2.0.0.202105311346/tools/bin/../lib/gcc/arm-none-eabi/9.3.1/thumb/v7e-m+fp/hard/crtend.o
LOAD c:/st/stm32cubeide_1.7.0/stm32cubeide/plugins/com.st.stm32cube.ide.mcu.externaltools.gnu-tools-for-stm32.9-2020-q2-update.win32_2.0.0.202105311346/tools/bin/../lib/gcc/arm-none-eabi/9.3.1/thumb/v7e-m+fp/hard/crtn.o
                0x0000000020020000                _estack = (ORIGIN (RAM) + LENGTH (RAM))
                0x0000000000000200                _Min_Heap_Size = 0x200
                0x0000000000000400                _Min_Stack_Size = 0x400

.isr_vector     0x0000000008000000      0x198
                0x0000000008000000                . = ALIGN (0x4)
 *(.isr_vector)
 .isr_vector    0x0000000008000000      0x198 ./Core/Startup/startup_stm32f411ceux.o
                0x0000000008000000                g_pfnVectors
                0x0000000008000198                . = ALIGN (0x4)

.text           0x00000000080001a0     0x7f48
                0x00000000080001a0                . = ALIGN (0x4)
 *(.text)
 .text          0x00000000080001a0       0x40 c:/st/stm32cubeide_1.7.0/stm32cubeide/plugins/com.st.stm32cube.ide.mcu.externaltools.gnu-tools-for-stm32.9-2020-q2-update.win32_2.0.0.202105311346/tools/bin/../lib/gcc/arm-none-eabi/9.3.1/thumb/v7e-m+fp/hard/crtbegin.o
 .text          0x00000000080001e0       0x10 c:/st/stm32cubeide_1.7.0/stm32cubeide/plugins/com.st.stm32cube.ide.mcu.externaltools.gnu-tools-for-stm32.9-2020-q2-update.win32_2.0.0.202105311346/tools/bin/../lib/gcc/arm-none-eabi/9.3.1/../../../../arm-none-eabi/lib/thumb/v7e-m+fp/hard\libc_nano.a(lib_a-strlen.o)
                0x00000000080001e0                strlen
 .text          0x00000000080001f0       0xa0 c:/st/stm32cubeide_1.7.0/stm32cubeide/plugins/com.st.stm32cube.ide.mcu.externaltools.gnu-tools-for-stm32.9-2020-q2-update.win32_2.0.0.202105311346/tools/bin/../lib/gcc/arm-none-eabi/9.3.1/../../../../arm-none-eabi/lib/thumb/v7e-m+fp/hard\libc_nano.a(lib_a-memchr.o)
                0x00000000080001f0                memchr
 .text          0x0000000008000290       0x30 c:/st/stm32cubeide_1.7.0/stm32cubeide/plugins/com.st.stm32cube.ide.mcu.externaltools.gnu-tools-for-stm32.9-2020-q2-update.win32_2.0.0.202105311346/tools/bin/../lib/gcc/arm-none-eabi/9.3.1/thumb/v7e-m+fp/hard\libgcc.a(_aeabi_uldivmod.o)
                0x0000000008000290                __aeabi_uldivmod
 .text          0x00000000080002c0      0x2c4 c:/st/stm32cubeide_1.7.0/stm32cubeide/plugins/com.st.stm32cube.ide.mcu.externaltools.gnu-tools-for-stm32.9-2020-q2-update.win32_2.0.0.202105311346/tools/bin/../lib/gcc/arm-none-eabi/9.3.1/thumb/v7e-m+fp/hard\libgcc.a(_udivmoddi4.o)
                0x00000000080002c0                __udivmoddi4
 .text          0x0000000008000584        0x4 c:/st/stm32cubeide_1.7.0/stm32cubeide/plugins/com.st.stm32cube.ide.mcu.externaltools.gnu-tools-for-stm32.9-2020-q2-update.win32_2.0.0.202105311346/tools/bin/../lib/gcc/arm-none-eabi/9.3.1/thumb/v7e-m+fp/hard\libgcc.a(_dvmd_tls.o)
                0x0000000008000584                __aeabi_idiv0
                0x0000000008000584                __aeabi_ldiv0
 *(.text*)
 .text.AHT20_Read
                0x0000000008000588       0x2e ./Core/Src/AHT20.o
                0x0000000008000588                AHT20_Read
 .text.AHT20_Write
                0x00000000080005b6       0x2e ./Core/Src/AHT20.o
                0x00000000080005b6                AHT20_Write
 .text.AHT20_Init
                0x00000000080005e4       0x60 ./Core/Src/AHT20.o
                0x00000000080005e4                AHT20_Init
 .text.AHT20_ReadTempHum_Data
                0x0000000008000644       0xe8 ./Core/Src/AHT20.o
                0x0000000008000644                AHT20_ReadTempHum_Data
 .text.main     0x000000000800072c       0x70 ./Core/Src/main.o
                0x000000000800072c                main
 .text.SystemClock_Config
                0x000000000800079c       0xd8 ./Core/Src/main.o
                0x000000000800079c                SystemClock_Config
 .text.MX_I2C1_Init
                0x0000000008000874       0x5c ./Core/Src/main.o
 .text.MX_GPIO_Init
                0x00000000080008d0      0x11c ./Core/Src/main.o
 .text.HAL_GPIO_EXTI_Callback
                0x00000000080009ec       0x20 ./Core/Src/main.o
                0x00000000080009ec                HAL_GPIO_EXTI_Callback
 .text.Error_Handler
                0x0000000008000a0c        0xa ./Core/Src/main.o
                0x0000000008000a0c                Error_Handler
 *fill*         0x0000000008000a16        0x2 
 .text.HAL_MspInit
                0x0000000008000a18       0x50 ./Core/Src/stm32f4xx_hal_msp.o
                0x0000000008000a18                HAL_MspInit
 .text.HAL_I2C_MspInit
                0x0000000008000a68       0x90 ./Core/Src/stm32f4xx_hal_msp.o
                0x0000000008000a68                HAL_I2C_MspInit
 .text.NMI_Handler
                0x0000000008000af8        0x6 ./Core/Src/stm32f4xx_it.o
                0x0000000008000af8                NMI_Handler
 .text.HardFault_Handler
                0x0000000008000afe        0x6 ./Core/Src/stm32f4xx_it.o
                0x0000000008000afe                HardFault_Handler
 .text.MemManage_Handler
                0x0000000008000b04        0x6 ./Core/Src/stm32f4xx_it.o
                0x0000000008000b04                MemManage_Handler
 .text.BusFault_Handler
                0x0000000008000b0a        0x6 ./Core/Src/stm32f4xx_it.o
                0x0000000008000b0a                BusFault_Handler
 .text.UsageFault_Handler
                0x0000000008000b10        0x6 ./Core/Src/stm32f4xx_it.o
                0x0000000008000b10                UsageFault_Handler
 .text.SVC_Handler
                0x0000000008000b16        0xe ./Core/Src/stm32f4xx_it.o
                0x0000000008000b16                SVC_Handler
 .text.DebugMon_Handler
                0x0000000008000b24        0xe ./Core/Src/stm32f4xx_it.o
                0x0000000008000b24                DebugMon_Handler
 .text.PendSV_Handler
                0x0000000008000b32        0xe ./Core/Src/stm32f4xx_it.o
                0x0000000008000b32                PendSV_Handler
 .text.SysTick_Handler
                0x0000000008000b40        0xc ./Core/Src/stm32f4xx_it.o
                0x0000000008000b40                SysTick_Handler
 .text.EXTI0_IRQHandler
                0x0000000008000b4c        0xe ./Core/Src/stm32f4xx_it.o
                0x0000000008000b4c                EXTI0_IRQHandler
 *fill*         0x0000000008000b5a        0x2 
 .text.OTG_FS_IRQHandler
                0x0000000008000b5c       0x14 ./Core/Src/stm32f4xx_it.o
                0x0000000008000b5c                OTG_FS_IRQHandler
 .text._sbrk    0x0000000008000b70       0x6c ./Core/Src/sysmem.o
                0x0000000008000b70                _sbrk
 .text.SystemInit
                0x0000000008000bdc       0x24 ./Core/Src/system_stm32f4xx.o
                0x0000000008000bdc                SystemInit
 .text.Reset_Handler
                0x0000000008000c00       0x50 ./Core/Startup/startup_stm32f411ceux.o
                0x0000000008000c00                Reset_Handler
 .text.Default_Handler
                0x0000000008000c50        0x2 ./Core/Startup/startup_stm32f411ceux.o
                0x0000000008000c50                RTC_Alarm_IRQHandler
                0x0000000008000c50                EXTI2_IRQHandler
                0x0000000008000c50                SPI4_IRQHandler
                0x0000000008000c50                TIM1_CC_IRQHandler
                0x0000000008000c50                DMA2_Stream5_IRQHandler
                0x0000000008000c50                DMA1_Stream5_IRQHandler
                0x0000000008000c50                PVD_IRQHandler
                0x0000000008000c50                SDIO_IRQHandler
                0x0000000008000c50                TAMP_STAMP_IRQHandler
                0x0000000008000c50                EXTI3_IRQHandler
                0x0000000008000c50                TIM1_UP_TIM10_IRQHandler
                0x0000000008000c50                I2C3_ER_IRQHandler
                0x0000000008000c50                I2C2_EV_IRQHandler
                0x0000000008000c50                DMA1_Stream2_IRQHandler
                0x0000000008000c50                FPU_IRQHandler
                0x0000000008000c50                DMA2_Stream2_IRQHandler
                0x0000000008000c50                SPI1_IRQHandler
                0x0000000008000c50                TIM1_BRK_TIM9_IRQHandler
                0x0000000008000c50                DMA2_Stream3_IRQHandler
                0x0000000008000c50                USART6_IRQHandler
                0x0000000008000c50                DMA2_Stream0_IRQHandler
                0x0000000008000c50                TIM4_IRQHandler
                0x0000000008000c50                I2C1_EV_IRQHandler
                0x0000000008000c50                DMA1_Stream6_IRQHandler
                0x0000000008000c50                DMA1_Stream1_IRQHandler
                0x0000000008000c50                TIM3_IRQHandler
                0x0000000008000c50                RCC_IRQHandler
                0x0000000008000c50                Default_Handler
                0x0000000008000c50                EXTI15_10_IRQHandler
                0x0000000008000c50                ADC_IRQHandler
                0x0000000008000c50                DMA1_Stream7_IRQHandler
                0x0000000008000c50                SPI5_IRQHandler
                0x0000000008000c50                TIM5_IRQHandler
                0x0000000008000c50                DMA2_Stream7_IRQHandler
                0x0000000008000c50                I2C3_EV_IRQHandler
                0x0000000008000c50                EXTI9_5_IRQHandler
                0x0000000008000c50                RTC_WKUP_IRQHandler
                0x0000000008000c50                SPI2_IRQHandler
                0x0000000008000c50                DMA1_Stream0_IRQHandler
                0x0000000008000c50                EXTI4_IRQHandler
                0x0000000008000c50                WWDG_IRQHandler
                0x0000000008000c50                TIM2_IRQHandler
                0x0000000008000c50                OTG_FS_WKUP_IRQHandler
                0x0000000008000c50                TIM1_TRG_COM_TIM11_IRQHandler
                0x0000000008000c50                EXTI1_IRQHandler
                0x0000000008000c50                USART2_IRQHandler
                0x0000000008000c50                I2C2_ER_IRQHandler
                0x0000000008000c50                DMA2_Stream1_IRQHandler
                0x0000000008000c50                FLASH_IRQHandler
                0x0000000008000c50                DMA2_Stream4_IRQHandler
                0x0000000008000c50                USART1_IRQHandler
                0x0000000008000c50                SPI3_IRQHandler
                0x0000000008000c50                DMA1_Stream4_IRQHandler
                0x0000000008000c50                I2C1_ER_IRQHandler
                0x0000000008000c50                DMA2_Stream6_IRQHandler
                0x0000000008000c50                DMA1_Stream3_IRQHandler
 *fill*         0x0000000008000c52        0x2 
 .text.HAL_Init
                0x0000000008000c54       0x44 ./Drivers/STM32F4xx_HAL_Driver/Src/stm32f4xx_hal.o
                0x0000000008000c54                HAL_Init
 .text.HAL_InitTick
                0x0000000008000c98       0x60 ./Drivers/STM32F4xx_HAL_Driver/Src/stm32f4xx_hal.o
                0x0000000008000c98                HAL_InitTick
 .text.HAL_IncTick
                0x0000000008000cf8       0x28 ./Drivers/STM32F4xx_HAL_Driver/Src/stm32f4xx_hal.o
                0x0000000008000cf8                HAL_IncTick
 .text.HAL_GetTick
                0x0000000008000d20       0x18 ./Drivers/STM32F4xx_HAL_Driver/Src/stm32f4xx_hal.o
                0x0000000008000d20                HAL_GetTick
 .text.HAL_Delay
                0x0000000008000d38       0x48 ./Drivers/STM32F4xx_HAL_Driver/Src/stm32f4xx_hal.o
                0x0000000008000d38                HAL_Delay
 .text.__NVIC_SetPriorityGrouping
                0x0000000008000d80       0x48 ./Drivers/STM32F4xx_HAL_Driver/Src/stm32f4xx_hal_cortex.o
 .text.__NVIC_GetPriorityGrouping
                0x0000000008000dc8       0x1c ./Drivers/STM32F4xx_HAL_Driver/Src/stm32f4xx_hal_cortex.o
 .text.__NVIC_EnableIRQ
                0x0000000008000de4       0x3c ./Drivers/STM32F4xx_HAL_Driver/Src/stm32f4xx_hal_cortex.o
 .text.__NVIC_SetPriority
                0x0000000008000e20       0x54 ./Drivers/STM32F4xx_HAL_Driver/Src/stm32f4xx_hal_cortex.o
 .text.NVIC_EncodePriority
                0x0000000008000e74       0x66 ./Drivers/STM32F4xx_HAL_Driver/Src/stm32f4xx_hal_cortex.o
 *fill*         0x0000000008000eda        0x2 
 .text.SysTick_Config
                0x0000000008000edc       0x44 ./Drivers/STM32F4xx_HAL_Driver/Src/stm32f4xx_hal_cortex.o
 .text.HAL_NVIC_SetPriorityGrouping
                0x0000000008000f20       0x16 ./Drivers/STM32F4xx_HAL_Driver/Src/stm32f4xx_hal_cortex.o
                0x0000000008000f20                HAL_NVIC_SetPriorityGrouping
 .text.HAL_NVIC_SetPriority
                0x0000000008000f36       0x38 ./Drivers/STM32F4xx_HAL_Driver/Src/stm32f4xx_hal_cortex.o
                0x0000000008000f36                HAL_NVIC_SetPriority
 .text.HAL_NVIC_EnableIRQ
                0x0000000008000f6e       0x1c ./Drivers/STM32F4xx_HAL_Driver/Src/stm32f4xx_hal_cortex.o
                0x0000000008000f6e                HAL_NVIC_EnableIRQ
 .text.HAL_SYSTICK_Config
                0x0000000008000f8a       0x18 ./Drivers/STM32F4xx_HAL_Driver/Src/stm32f4xx_hal_cortex.o
                0x0000000008000f8a                HAL_SYSTICK_Config
 *fill*         0x0000000008000fa2        0x2 
 .text.HAL_GPIO_Init
                0x0000000008000fa4      0x308 ./Drivers/STM32F4xx_HAL_Driver/Src/stm32f4xx_hal_gpio.o
                0x0000000008000fa4                HAL_GPIO_Init
 .text.HAL_GPIO_WritePin
                0x00000000080012ac       0x32 ./Drivers/STM32F4xx_HAL_Driver/Src/stm32f4xx_hal_gpio.o
                0x00000000080012ac                HAL_GPIO_WritePin
 .text.HAL_GPIO_TogglePin
                0x00000000080012de       0x34 ./Drivers/STM32F4xx_HAL_Driver/Src/stm32f4xx_hal_gpio.o
                0x00000000080012de                HAL_GPIO_TogglePin
 *fill*         0x0000000008001312        0x2 
 .text.HAL_GPIO_EXTI_IRQHandler
                0x0000000008001314       0x30 ./Drivers/STM32F4xx_HAL_Driver/Src/stm32f4xx_hal_gpio.o
                0x0000000008001314                HAL_GPIO_EXTI_IRQHandler
 .text.HAL_I2C_Init
                0x0000000008001344      0x288 ./Drivers/STM32F4xx_HAL_Driver/Src/stm32f4xx_hal_i2c.o
                0x0000000008001344                HAL_I2C_Init
 .text.HAL_I2C_Master_Transmit
                0x00000000080015cc      0x1fc ./Drivers/STM32F4xx_HAL_Driver/Src/stm32f4xx_hal_i2c.o
                0x00000000080015cc                HAL_I2C_Master_Transmit
 .text.HAL_I2C_Master_Receive
                0x00000000080017c8      0x44c ./Drivers/STM32F4xx_HAL_Driver/Src/stm32f4xx_hal_i2c.o
                0x00000000080017c8                HAL_I2C_Master_Receive
 .text.I2C_MasterRequestWrite
                0x0000000008001c14      0x104 ./Drivers/STM32F4xx_HAL_Driver/Src/stm32f4xx_hal_i2c.o
 .text.I2C_MasterRequestRead
                0x0000000008001d18      0x19c ./Drivers/STM32F4xx_HAL_Driver/Src/stm32f4xx_hal_i2c.o
 .text.I2C_WaitOnFlagUntilTimeout
                0x0000000008001eb4       0xae ./Drivers/STM32F4xx_HAL_Driver/Src/stm32f4xx_hal_i2c.o
 .text.I2C_WaitOnMasterAddressFlagUntilTimeout
                0x0000000008001f62       0xfe ./Drivers/STM32F4xx_HAL_Driver/Src/stm32f4xx_hal_i2c.o
 .text.I2C_WaitOnTXEFlagUntilTimeout
                0x0000000008002060       0x82 ./Drivers/STM32F4xx_HAL_Driver/Src/stm32f4xx_hal_i2c.o
 .text.I2C_WaitOnBTFFlagUntilTimeout
                0x00000000080020e2       0x82 ./Drivers/STM32F4xx_HAL_Driver/Src/stm32f4xx_hal_i2c.o
 .text.I2C_WaitOnRXNEFlagUntilTimeout
                0x0000000008002164       0xac ./Drivers/STM32F4xx_HAL_Driver/Src/stm32f4xx_hal_i2c.o
 .text.I2C_IsAcknowledgeFailed
                0x0000000008002210       0x5e ./Drivers/STM32F4xx_HAL_Driver/Src/stm32f4xx_hal_i2c.o
 .text.HAL_PCD_Init
                0x000000000800226e      0x23a ./Drivers/STM32F4xx_HAL_Driver/Src/stm32f4xx_hal_pcd.o
                0x000000000800226e                HAL_PCD_Init
 .text.HAL_PCD_Start
                0x00000000080024a8       0x66 ./Drivers/STM32F4xx_HAL_Driver/Src/stm32f4xx_hal_pcd.o
                0x00000000080024a8                HAL_PCD_Start
 .text.HAL_PCD_IRQHandler
                0x000000000800250e      0x764 ./Drivers/STM32F4xx_HAL_Driver/Src/stm32f4xx_hal_pcd.o
                0x000000000800250e                HAL_PCD_IRQHandler
 .text.HAL_PCD_SetAddress
                0x0000000008002c72       0x4a ./Drivers/STM32F4xx_HAL_Driver/Src/stm32f4xx_hal_pcd.o
                0x0000000008002c72                HAL_PCD_SetAddress
 .text.HAL_PCD_EP_Open
                0x0000000008002cbc       0xd0 ./Drivers/STM32F4xx_HAL_Driver/Src/stm32f4xx_hal_pcd.o
                0x0000000008002cbc                HAL_PCD_EP_Open
 .text.HAL_PCD_EP_Close
                0x0000000008002d8c       0x94 ./Drivers/STM32F4xx_HAL_Driver/Src/stm32f4xx_hal_pcd.o
                0x0000000008002d8c                HAL_PCD_EP_Close
 .text.HAL_PCD_EP_Receive
                0x0000000008002e20       0x96 ./Drivers/STM32F4xx_HAL_Driver/Src/stm32f4xx_hal_pcd.o
                0x0000000008002e20                HAL_PCD_EP_Receive
 .text.HAL_PCD_EP_GetRxCount
                0x0000000008002eb6       0x30 ./Drivers/STM32F4xx_HAL_Driver/Src/stm32f4xx_hal_pcd.o
                0x0000000008002eb6                HAL_PCD_EP_GetRxCount
 .text.HAL_PCD_EP_Transmit
                0x0000000008002ee6       0x94 ./Drivers/STM32F4xx_HAL_Driver/Src/stm32f4xx_hal_pcd.o
                0x0000000008002ee6                HAL_PCD_EP_Transmit
 .text.HAL_PCD_EP_SetStall
                0x0000000008002f7a       0xc8 ./Drivers/STM32F4xx_HAL_Driver/Src/stm32f4xx_hal_pcd.o
                0x0000000008002f7a                HAL_PCD_EP_SetStall
 .text.HAL_PCD_EP_ClrStall
                0x0000000008003042       0xac ./Drivers/STM32F4xx_HAL_Driver/Src/stm32f4xx_hal_pcd.o
                0x0000000008003042                HAL_PCD_EP_ClrStall
 .text.PCD_WriteEmptyTxFifo
                0x00000000080030ee      0x11a ./Drivers/STM32F4xx_HAL_Driver/Src/stm32f4xx_hal_pcd.o
 .text.PCD_EP_OutXfrComplete_int
                0x0000000008003208      0x218 ./Drivers/STM32F4xx_HAL_Driver/Src/stm32f4xx_hal_pcd.o
 .text.PCD_EP_OutSetupPacket_int
                0x0000000008003420       0x8c ./Drivers/STM32F4xx_HAL_Driver/Src/stm32f4xx_hal_pcd.o
 .text.HAL_PCDEx_SetTxFiFo
                0x00000000080034ac       0x8e ./Drivers/STM32F4xx_HAL_Driver/Src/stm32f4xx_hal_pcd_ex.o
                0x00000000080034ac                HAL_PCDEx_SetTxFiFo
 .text.HAL_PCDEx_SetRxFiFo
                0x000000000800353a       0x22 ./Drivers/STM32F4xx_HAL_Driver/Src/stm32f4xx_hal_pcd_ex.o
                0x000000000800353a                HAL_PCDEx_SetRxFiFo
 .text.HAL_PCDEx_LPM_Callback
                0x000000000800355c       0x18 ./Drivers/STM32F4xx_HAL_Driver/Src/stm32f4xx_hal_pcd_ex.o
                0x000000000800355c                HAL_PCDEx_LPM_Callback
 .text.HAL_RCC_OscConfig
                0x0000000008003574      0x4f0 ./Drivers/STM32F4xx_HAL_Driver/Src/stm32f4xx_hal_rcc.o
                0x0000000008003574                HAL_RCC_OscConfig
 .text.HAL_RCC_ClockConfig
                0x0000000008003a64      0x1cc ./Drivers/STM32F4xx_HAL_Driver/Src/stm32f4xx_hal_rcc.o
                0x0000000008003a64                HAL_RCC_ClockConfig
 .text.HAL_RCC_GetSysClockFreq
                0x0000000008003c30      0x16c ./Drivers/STM32F4xx_HAL_Driver/Src/stm32f4xx_hal_rcc.o
                0x0000000008003c30                HAL_RCC_GetSysClockFreq
 .text.HAL_RCC_GetHCLKFreq
                0x0000000008003d9c       0x18 ./Drivers/STM32F4xx_HAL_Driver/Src/stm32f4xx_hal_rcc.o
                0x0000000008003d9c                HAL_RCC_GetHCLKFreq
 .text.HAL_RCC_GetPCLK1Freq
                0x0000000008003db4       0x28 ./Drivers/STM32F4xx_HAL_Driver/Src/stm32f4xx_hal_rcc.o
                0x0000000008003db4                HAL_RCC_GetPCLK1Freq
 .text.USB_CoreInit
                0x0000000008003ddc       0xc2 ./Drivers/STM32F4xx_HAL_Driver/Src/stm32f4xx_ll_usb.o
                0x0000000008003ddc                USB_CoreInit
 *fill*         0x0000000008003e9e        0x2 
 .text.USB_SetTurnaroundTime
                0x0000000008003ea0      0x144 ./Drivers/STM32F4xx_HAL_Driver/Src/stm32f4xx_ll_usb.o
                0x0000000008003ea0                USB_SetTurnaroundTime
 .text.USB_EnableGlobalInt
                0x0000000008003fe4       0x22 ./Drivers/STM32F4xx_HAL_Driver/Src/stm32f4xx_ll_usb.o
                0x0000000008003fe4                USB_EnableGlobalInt
 .text.USB_DisableGlobalInt
                0x0000000008004006       0x22 ./Drivers/STM32F4xx_HAL_Driver/Src/stm32f4xx_ll_usb.o
                0x0000000008004006                USB_DisableGlobalInt
 .text.USB_SetCurrentMode
                0x0000000008004028       0x98 ./Drivers/STM32F4xx_HAL_Driver/Src/stm32f4xx_ll_usb.o
                0x0000000008004028                USB_SetCurrentMode
 .text.USB_DevInit
                0x00000000080040c0      0x2c8 ./Drivers/STM32F4xx_HAL_Driver/Src/stm32f4xx_ll_usb.o
                0x00000000080040c0                USB_DevInit
 .text.USB_FlushTxFifo
                0x0000000008004388       0x48 ./Drivers/STM32F4xx_HAL_Driver/Src/stm32f4xx_ll_usb.o
                0x0000000008004388                USB_FlushTxFifo
 .text.USB_FlushRxFifo
                0x00000000080043d0       0x40 ./Drivers/STM32F4xx_HAL_Driver/Src/stm32f4xx_ll_usb.o
                0x00000000080043d0                USB_FlushRxFifo
 .text.USB_SetDevSpeed
                0x0000000008004410       0x32 ./Drivers/STM32F4xx_HAL_Driver/Src/stm32f4xx_ll_usb.o
                0x0000000008004410                USB_SetDevSpeed
 .text.USB_GetDevSpeed
                0x0000000008004442       0x4a ./Drivers/STM32F4xx_HAL_Driver/Src/stm32f4xx_ll_usb.o
                0x0000000008004442                USB_GetDevSpeed
 .text.USB_ActivateEndpoint
                0x000000000800448c      0x10e ./Drivers/STM32F4xx_HAL_Driver/Src/stm32f4xx_ll_usb.o
                0x000000000800448c                USB_ActivateEndpoint
 *fill*         0x000000000800459a        0x2 
 .text.USB_DeactivateEndpoint
                0x000000000800459c      0x1b8 ./Drivers/STM32F4xx_HAL_Driver/Src/stm32f4xx_ll_usb.o
                0x000000000800459c                USB_DeactivateEndpoint
 .text.USB_EPStartXfer
                0x0000000008004754      0x488 ./Drivers/STM32F4xx_HAL_Driver/Src/stm32f4xx_ll_usb.o
                0x0000000008004754                USB_EPStartXfer
 .text.USB_EP0StartXfer
                0x0000000008004bdc      0x2a6 ./Drivers/STM32F4xx_HAL_Driver/Src/stm32f4xx_ll_usb.o
                0x0000000008004bdc                USB_EP0StartXfer
 .text.USB_WritePacket
                0x0000000008004e82       0x7c ./Drivers/STM32F4xx_HAL_Driver/Src/stm32f4xx_ll_usb.o
                0x0000000008004e82                USB_WritePacket
 .text.USB_ReadPacket
                0x0000000008004efe       0xb0 ./Drivers/STM32F4xx_HAL_Driver/Src/stm32f4xx_ll_usb.o
                0x0000000008004efe                USB_ReadPacket
 .text.USB_EPSetStall
                0x0000000008004fae       0xdc ./Drivers/STM32F4xx_HAL_Driver/Src/stm32f4xx_ll_usb.o
                0x0000000008004fae                USB_EPSetStall
 .text.USB_EPClearStall
                0x000000000800508a       0xcc ./Drivers/STM32F4xx_HAL_Driver/Src/stm32f4xx_ll_usb.o
                0x000000000800508a                USB_EPClearStall
 .text.USB_SetDevAddress
                0x0000000008005156       0x4c ./Drivers/STM32F4xx_HAL_Driver/Src/stm32f4xx_ll_usb.o
                0x0000000008005156                USB_SetDevAddress
 .text.USB_DevConnect
                0x00000000080051a2       0x42 ./Drivers/STM32F4xx_HAL_Driver/Src/stm32f4xx_ll_usb.o
                0x00000000080051a2                USB_DevConnect
 .text.USB_DevDisconnect
                0x00000000080051e4       0x42 ./Drivers/STM32F4xx_HAL_Driver/Src/stm32f4xx_ll_usb.o
                0x00000000080051e4                USB_DevDisconnect
 .text.USB_ReadInterrupts
                0x0000000008005226       0x26 ./Drivers/STM32F4xx_HAL_Driver/Src/stm32f4xx_ll_usb.o
                0x0000000008005226                USB_ReadInterrupts
 .text.USB_ReadDevAllOutEpInterrupt
                0x000000000800524c       0x34 ./Drivers/STM32F4xx_HAL_Driver/Src/stm32f4xx_ll_usb.o
                0x000000000800524c                USB_ReadDevAllOutEpInterrupt
 .text.USB_ReadDevAllInEpInterrupt
                0x0000000008005280       0x34 ./Drivers/STM32F4xx_HAL_Driver/Src/stm32f4xx_ll_usb.o
                0x0000000008005280                USB_ReadDevAllInEpInterrupt
 .text.USB_ReadDevOutEPInterrupt
                0x00000000080052b4       0x3c ./Drivers/STM32F4xx_HAL_Driver/Src/stm32f4xx_ll_usb.o
                0x00000000080052b4                USB_ReadDevOutEPInterrupt
 .text.USB_ReadDevInEPInterrupt
                0x00000000080052f0       0x5c ./Drivers/STM32F4xx_HAL_Driver/Src/stm32f4xx_ll_usb.o
                0x00000000080052f0                USB_ReadDevInEPInterrupt
 .text.USB_GetMode
                0x000000000800534c       0x1c ./Drivers/STM32F4xx_HAL_Driver/Src/stm32f4xx_ll_usb.o
                0x000000000800534c                USB_GetMode
 .text.USB_ActivateSetup
                0x0000000008005368       0x46 ./Drivers/STM32F4xx_HAL_Driver/Src/stm32f4xx_ll_usb.o
                0x0000000008005368                USB_ActivateSetup
 *fill*         0x00000000080053ae        0x2 
 .text.USB_EP0_OutStart
                0x00000000080053b0       0xbc ./Drivers/STM32F4xx_HAL_Driver/Src/stm32f4xx_ll_usb.o
                0x00000000080053b0                USB_EP0_OutStart
 .text.USB_CoreReset
                0x000000000800546c       0x64 ./Drivers/STM32F4xx_HAL_Driver/Src/stm32f4xx_ll_usb.o
 .text.USBD_CDC_Init
                0x00000000080054d0       0xfe ./Middlewares/ST/STM32_USB_Device_Library/Class/CDC/Src/usbd_cdc.o
 .text.USBD_CDC_DeInit
                0x00000000080055ce       0x74 ./Middlewares/ST/STM32_USB_Device_Library/Class/CDC/Src/usbd_cdc.o
 *fill*         0x0000000008005642        0x2 
 .text.USBD_CDC_Setup
                0x0000000008005644      0x190 ./Middlewares/ST/STM32_USB_Device_Library/Class/CDC/Src/usbd_cdc.o
 .text.USBD_CDC_DataIn
                0x00000000080057d4       0xca ./Middlewares/ST/STM32_USB_Device_Library/Class/CDC/Src/usbd_cdc.o
 .text.USBD_CDC_DataOut
                0x000000000800589e       0x56 ./Middlewares/ST/STM32_USB_Device_Library/Class/CDC/Src/usbd_cdc.o
 .text.USBD_CDC_EP0_RxReady
                0x00000000080058f4       0x5a ./Middlewares/ST/STM32_USB_Device_Library/Class/CDC/Src/usbd_cdc.o
 *fill*         0x000000000800594e        0x2 
 .text.USBD_CDC_GetFSCfgDesc
                0x0000000008005950       0x20 ./Middlewares/ST/STM32_USB_Device_Library/Class/CDC/Src/usbd_cdc.o
 .text.USBD_CDC_GetHSCfgDesc
                0x0000000008005970       0x20 ./Middlewares/ST/STM32_USB_Device_Library/Class/CDC/Src/usbd_cdc.o
 .text.USBD_CDC_GetOtherSpeedCfgDesc
                0x0000000008005990       0x20 ./Middlewares/ST/STM32_USB_Device_Library/Class/CDC/Src/usbd_cdc.o
 .text.USBD_CDC_GetDeviceQualifierDescriptor
                0x00000000080059b0       0x20 ./Middlewares/ST/STM32_USB_Device_Library/Class/CDC/Src/usbd_cdc.o
                0x00000000080059b0                USBD_CDC_GetDeviceQualifierDescriptor
 .text.USBD_CDC_RegisterInterface
                0x00000000080059d0       0x2a ./Middlewares/ST/STM32_USB_Device_Library/Class/CDC/Src/usbd_cdc.o
                0x00000000080059d0                USBD_CDC_RegisterInterface
 .text.USBD_CDC_SetTxBuffer
                0x00000000080059fa       0x3c ./Middlewares/ST/STM32_USB_Device_Library/Class/CDC/Src/usbd_cdc.o
                0x00000000080059fa                USBD_CDC_SetTxBuffer
 .text.USBD_CDC_SetRxBuffer
                0x0000000008005a36       0x32 ./Middlewares/ST/STM32_USB_Device_Library/Class/CDC/Src/usbd_cdc.o
                0x0000000008005a36                USBD_CDC_SetRxBuffer
 .text.USBD_CDC_TransmitPacket
                0x0000000008005a68       0x60 ./Middlewares/ST/STM32_USB_Device_Library/Class/CDC/Src/usbd_cdc.o
                0x0000000008005a68                USBD_CDC_TransmitPacket
 .text.USBD_CDC_ReceivePacket
                0x0000000008005ac8       0x54 ./Middlewares/ST/STM32_USB_Device_Library/Class/CDC/Src/usbd_cdc.o
                0x0000000008005ac8                USBD_CDC_ReceivePacket
 .text.USBD_Init
                0x0000000008005b1c       0x60 ./Middlewares/ST/STM32_USB_Device_Library/Core/Src/usbd_core.o
                0x0000000008005b1c                USBD_Init
 .text.USBD_RegisterClass
                0x0000000008005b7c       0x4e ./Middlewares/ST/STM32_USB_Device_Library/Core/Src/usbd_core.o
                0x0000000008005b7c                USBD_RegisterClass
 .text.USBD_Start
                0x0000000008005bca       0x18 ./Middlewares/ST/STM32_USB_Device_Library/Core/Src/usbd_core.o
                0x0000000008005bca                USBD_Start
 .text.USBD_RunTestMode
                0x0000000008005be2       0x16 ./Middlewares/ST/STM32_USB_Device_Library/Core/Src/usbd_core.o
                0x0000000008005be2                USBD_RunTestMode
 .text.USBD_SetClassConfig
                0x0000000008005bf8       0x38 ./Middlewares/ST/STM32_USB_Device_Library/Core/Src/usbd_core.o
                0x0000000008005bf8                USBD_SetClassConfig
 .text.USBD_ClrClassConfig
                0x0000000008005c30       0x30 ./Middlewares/ST/STM32_USB_Device_Library/Core/Src/usbd_core.o
                0x0000000008005c30                USBD_ClrClassConfig
 .text.USBD_LL_SetupStage
                0x0000000008005c60       0xaa ./Middlewares/ST/STM32_USB_Device_Library/Core/Src/usbd_core.o
                0x0000000008005c60                USBD_LL_SetupStage
 .text.USBD_LL_DataOutStage
                0x0000000008005d0a       0xc6 ./Middlewares/ST/STM32_USB_Device_Library/Core/Src/usbd_core.o
                0x0000000008005d0a                USBD_LL_DataOutStage
 .text.USBD_LL_DataInStage
                0x0000000008005dd0      0x12c ./Middlewares/ST/STM32_USB_Device_Library/Core/Src/usbd_core.o
                0x0000000008005dd0                USBD_LL_DataInStage
 .text.USBD_LL_Reset
                0x0000000008005efc       0x9c ./Middlewares/ST/STM32_USB_Device_Library/Core/Src/usbd_core.o
                0x0000000008005efc                USBD_LL_Reset
 .text.USBD_LL_SetSpeed
                0x0000000008005f98       0x20 ./Middlewares/ST/STM32_USB_Device_Library/Core/Src/usbd_core.o
                0x0000000008005f98                USBD_LL_SetSpeed
 .text.USBD_LL_Suspend
                0x0000000008005fb8       0x2c ./Middlewares/ST/STM32_USB_Device_Library/Core/Src/usbd_core.o
                0x0000000008005fb8                USBD_LL_Suspend
 .text.USBD_LL_Resume
                0x0000000008005fe4       0x30 ./Middlewares/ST/STM32_USB_Device_Library/Core/Src/usbd_core.o
                0x0000000008005fe4                USBD_LL_Resume
 .text.USBD_LL_SOF
                0x0000000008006014       0x44 ./Middlewares/ST/STM32_USB_Device_Library/Core/Src/usbd_core.o
                0x0000000008006014                USBD_LL_SOF
 .text.USBD_LL_IsoINIncomplete
                0x0000000008006058       0x4c ./Middlewares/ST/STM32_USB_Device_Library/Core/Src/usbd_core.o
                0x0000000008006058                USBD_LL_IsoINIncomplete
 .text.USBD_LL_IsoOUTIncomplete
                0x00000000080060a4       0x4c ./Middlewares/ST/STM32_USB_Device_Library/Core/Src/usbd_core.o
                0x00000000080060a4                USBD_LL_IsoOUTIncomplete
 .text.USBD_LL_DevConnected
                0x00000000080060f0       0x16 ./Middlewares/ST/STM32_USB_Device_Library/Core/Src/usbd_core.o
                0x00000000080060f0                USBD_LL_DevConnected
 .text.USBD_LL_DevDisconnected
                0x0000000008006106       0x38 ./Middlewares/ST/STM32_USB_Device_Library/Core/Src/usbd_core.o
                0x0000000008006106                USBD_LL_DevDisconnected
 .text.SWAPBYTE
                0x000000000800613e       0x3c ./Middlewares/ST/STM32_USB_Device_Library/Core/Src/usbd_ctlreq.o
 *fill*         0x000000000800617a        0x2 
 .text.USBD_StdDevReq
                0x000000000800617c       0xdc ./Middlewares/ST/STM32_USB_Device_Library/Core/Src/usbd_ctlreq.o
                0x000000000800617c                USBD_StdDevReq
 .text.USBD_StdItfReq
                0x0000000008006258       0x92 ./Middlewares/ST/STM32_USB_Device_Library/Core/Src/usbd_ctlreq.o
                0x0000000008006258                USBD_StdItfReq
 .text.USBD_StdEPReq
                0x00000000080062ea      0x2c4 ./Middlewares/ST/STM32_USB_Device_Library/Core/Src/usbd_ctlreq.o
                0x00000000080062ea                USBD_StdEPReq
 *fill*         0x00000000080065ae        0x2 
 .text.USBD_GetDescriptor
                0x00000000080065b0      0x2d4 ./Middlewares/ST/STM32_USB_Device_Library/Core/Src/usbd_ctlreq.o
 .text.USBD_SetAddress
                0x0000000008006884       0x88 ./Middlewares/ST/STM32_USB_Device_Library/Core/Src/usbd_ctlreq.o
 .text.USBD_SetConfig
                0x000000000800690c      0x14c ./Middlewares/ST/STM32_USB_Device_Library/Core/Src/usbd_ctlreq.o
 .text.USBD_GetConfig
                0x0000000008006a58       0x6c ./Middlewares/ST/STM32_USB_Device_Library/Core/Src/usbd_ctlreq.o
 .text.USBD_GetStatus
                0x0000000008006ac4       0x68 ./Middlewares/ST/STM32_USB_Device_Library/Core/Src/usbd_ctlreq.o
 .text.USBD_SetFeature
                0x0000000008006b2c       0x28 ./Middlewares/ST/STM32_USB_Device_Library/Core/Src/usbd_ctlreq.o
 .text.USBD_ClrFeature
                0x0000000008006b54       0x44 ./Middlewares/ST/STM32_USB_Device_Library/Core/Src/usbd_ctlreq.o
 .text.USBD_ParseSetupRequest
                0x0000000008006b98       0x74 ./Middlewares/ST/STM32_USB_Device_Library/Core/Src/usbd_ctlreq.o
                0x0000000008006b98                USBD_ParseSetupRequest
 .text.USBD_CtlError
                0x0000000008006c0c       0x22 ./Middlewares/ST/STM32_USB_Device_Library/Core/Src/usbd_ctlreq.o
                0x0000000008006c0c                USBD_CtlError
 .text.USBD_GetString
                0x0000000008006c2e       0x8c ./Middlewares/ST/STM32_USB_Device_Library/Core/Src/usbd_ctlreq.o
                0x0000000008006c2e                USBD_GetString
 .text.USBD_GetLen
                0x0000000008006cba       0x34 ./Middlewares/ST/STM32_USB_Device_Library/Core/Src/usbd_ctlreq.o
 .text.USBD_CtlSendData
                0x0000000008006cee       0x36 ./Middlewares/ST/STM32_USB_Device_Library/Core/Src/usbd_ioreq.o
                0x0000000008006cee                USBD_CtlSendData
 .text.USBD_CtlContinueSendData
                0x0000000008006d24       0x22 ./Middlewares/ST/STM32_USB_Device_Library/Core/Src/usbd_ioreq.o
                0x0000000008006d24                USBD_CtlContinueSendData
 .text.USBD_CtlPrepareRx
                0x0000000008006d46       0x3a ./Middlewares/ST/STM32_USB_Device_Library/Core/Src/usbd_ioreq.o
                0x0000000008006d46                USBD_CtlPrepareRx
 .text.USBD_CtlContinueRx
                0x0000000008006d80       0x22 ./Middlewares/ST/STM32_USB_Device_Library/Core/Src/usbd_ioreq.o
                0x0000000008006d80                USBD_CtlContinueRx
 .text.USBD_CtlSendStatus
                0x0000000008006da2       0x26 ./Middlewares/ST/STM32_USB_Device_Library/Core/Src/usbd_ioreq.o
                0x0000000008006da2                USBD_CtlSendStatus
 .text.USBD_CtlReceiveStatus
                0x0000000008006dc8       0x26 ./Middlewares/ST/STM32_USB_Device_Library/Core/Src/usbd_ioreq.o
                0x0000000008006dc8                USBD_CtlReceiveStatus
 *fill*         0x0000000008006dee        0x2 
 .text.MX_USB_DEVICE_Init
                0x0000000008006df0       0x60 ./USB_DEVICE/App/usb_device.o
                0x0000000008006df0                MX_USB_DEVICE_Init
 .text.CDC_Init_FS
                0x0000000008006e50       0x28 ./USB_DEVICE/App/usbd_cdc_if.o
 .text.CDC_DeInit_FS
                0x0000000008006e78       0x10 ./USB_DEVICE/App/usbd_cdc_if.o
 .text.CDC_Control_FS
                0x0000000008006e88       0xbc ./USB_DEVICE/App/usbd_cdc_if.o
 .text.CDC_Receive_FS
                0x0000000008006f44       0x28 ./USB_DEVICE/App/usbd_cdc_if.o
 .text.CDC_Transmit_FS
                0x0000000008006f6c       0x4c ./USB_DEVICE/App/usbd_cdc_if.o
                0x0000000008006f6c                CDC_Transmit_FS
 .text.CDC_TransmitCplt_FS
                0x0000000008006fb8       0x22 ./USB_DEVICE/App/usbd_cdc_if.o
 *fill*         0x0000000008006fda        0x2 
 .text.USBD_FS_DeviceDescriptor
                0x0000000008006fdc       0x24 ./USB_DEVICE/App/usbd_desc.o
                0x0000000008006fdc                USBD_FS_DeviceDescriptor
 .text.USBD_FS_LangIDStrDescriptor
                0x0000000008007000       0x24 ./USB_DEVICE/App/usbd_desc.o
                0x0000000008007000                USBD_FS_LangIDStrDescriptor
 .text.USBD_FS_ProductStrDescriptor
                0x0000000008007024       0x3c ./USB_DEVICE/App/usbd_desc.o
                0x0000000008007024                USBD_FS_ProductStrDescriptor
 .text.USBD_FS_ManufacturerStrDescriptor
                0x0000000008007060       0x28 ./USB_DEVICE/App/usbd_desc.o
                0x0000000008007060                USBD_FS_ManufacturerStrDescriptor
 .text.USBD_FS_SerialStrDescriptor
                0x0000000008007088       0x24 ./USB_DEVICE/App/usbd_desc.o
                0x0000000008007088                USBD_FS_SerialStrDescriptor
 .text.USBD_FS_ConfigStrDescriptor
                0x00000000080070ac       0x3c ./USB_DEVICE/App/usbd_desc.o
                0x00000000080070ac                USBD_FS_ConfigStrDescriptor
 .text.USBD_FS_InterfaceStrDescriptor
                0x00000000080070e8       0x3c ./USB_DEVICE/App/usbd_desc.o
                0x00000000080070e8                USBD_FS_InterfaceStrDescriptor
 .text.Get_SerialNum
                0x0000000008007124       0x58 ./USB_DEVICE/App/usbd_desc.o
 .text.IntToUnicode
                0x000000000800717c       0x7e ./USB_DEVICE/App/usbd_desc.o
 *fill*         0x00000000080071fa        0x2 
 .text.HAL_PCD_MspInit
                0x00000000080071fc       0xa8 ./USB_DEVICE/Target/usbd_conf.o
                0x00000000080071fc                HAL_PCD_MspInit
 .text.HAL_PCD_SetupStageCallback
                0x00000000080072a4       0x24 ./USB_DEVICE/Target/usbd_conf.o
                0x00000000080072a4                HAL_PCD_SetupStageCallback
 .text.HAL_PCD_DataOutStageCallback
                0x00000000080072c8       0x36 ./USB_DEVICE/Target/usbd_conf.o
                0x00000000080072c8                HAL_PCD_DataOutStageCallback
 .text.HAL_PCD_DataInStageCallback
                0x00000000080072fe       0x34 ./USB_DEVICE/Target/usbd_conf.o
                0x00000000080072fe                HAL_PCD_DataInStageCallback
 .text.HAL_PCD_SOFCallback
                0x0000000008007332       0x1c ./USB_DEVICE/Target/usbd_conf.o
                0x0000000008007332                HAL_PCD_SOFCallback
 .text.HAL_PCD_ResetCallback
                0x000000000800734e       0x3c ./USB_DEVICE/Target/usbd_conf.o
                0x000000000800734e                HAL_PCD_ResetCallback
 *fill*         0x000000000800738a        0x2 
 .text.HAL_PCD_SuspendCallback
                0x000000000800738c       0x4c ./USB_DEVICE/Target/usbd_conf.o
                0x000000000800738c                HAL_PCD_SuspendCallback
 .text.HAL_PCD_ResumeCallback
                0x00000000080073d8       0x1c ./USB_DEVICE/Target/usbd_conf.o
                0x00000000080073d8                HAL_PCD_ResumeCallback
 .text.HAL_PCD_ISOOUTIncompleteCallback
                0x00000000080073f4       0x24 ./USB_DEVICE/Target/usbd_conf.o
                0x00000000080073f4                HAL_PCD_ISOOUTIncompleteCallback
 .text.HAL_PCD_ISOINIncompleteCallback
                0x0000000008007418       0x24 ./USB_DEVICE/Target/usbd_conf.o
                0x0000000008007418                HAL_PCD_ISOINIncompleteCallback
 .text.HAL_PCD_ConnectCallback
                0x000000000800743c       0x1c ./USB_DEVICE/Target/usbd_conf.o
                0x000000000800743c                HAL_PCD_ConnectCallback
 .text.HAL_PCD_DisconnectCallback
                0x0000000008007458       0x1c ./USB_DEVICE/Target/usbd_conf.o
                0x0000000008007458                HAL_PCD_DisconnectCallback
 .text.USBD_LL_Init
                0x0000000008007474       0x98 ./USB_DEVICE/Target/usbd_conf.o
                0x0000000008007474                USBD_LL_Init
 .text.USBD_LL_Start
                0x000000000800750c       0x36 ./USB_DEVICE/Target/usbd_conf.o
                0x000000000800750c                USBD_LL_Start
 .text.USBD_LL_OpenEP
                0x0000000008007542       0x4c ./USB_DEVICE/Target/usbd_conf.o
                0x0000000008007542                USBD_LL_OpenEP
 .text.USBD_LL_CloseEP
                0x000000000800758e       0x3e ./USB_DEVICE/Target/usbd_conf.o
                0x000000000800758e                USBD_LL_CloseEP
 .text.USBD_LL_StallEP
                0x00000000080075cc       0x3e ./USB_DEVICE/Target/usbd_conf.o
                0x00000000080075cc                USBD_LL_StallEP
 .text.USBD_LL_ClearStallEP
                0x000000000800760a       0x3e ./USB_DEVICE/Target/usbd_conf.o
                0x000000000800760a                USBD_LL_ClearStallEP
 .text.USBD_LL_IsStallEP
                0x0000000008007648       0x58 ./USB_DEVICE/Target/usbd_conf.o
                0x0000000008007648                USBD_LL_IsStallEP
 .text.USBD_LL_SetUSBAddress
                0x00000000080076a0       0x3e ./USB_DEVICE/Target/usbd_conf.o
                0x00000000080076a0                USBD_LL_SetUSBAddress
 .text.USBD_LL_Transmit
                0x00000000080076de       0x42 ./USB_DEVICE/Target/usbd_conf.o
                0x00000000080076de                USBD_LL_Transmit
 .text.USBD_LL_PrepareReceive
                0x0000000008007720       0x42 ./USB_DEVICE/Target/usbd_conf.o
                0x0000000008007720                USBD_LL_PrepareReceive
 .text.USBD_LL_GetRxDataSize
                0x0000000008007762       0x26 ./USB_DEVICE/Target/usbd_conf.o
                0x0000000008007762                USBD_LL_GetRxDataSize
 .text.USBD_static_malloc
                0x0000000008007788       0x1c ./USB_DEVICE/Target/usbd_conf.o
                0x0000000008007788                USBD_static_malloc
 .text.USBD_static_free
                0x00000000080077a4       0x14 ./USB_DEVICE/Target/usbd_conf.o
                0x00000000080077a4                USBD_static_free
 .text.USBD_Get_USB_Status
                0x00000000080077b8       0x58 ./USB_DEVICE/Target/usbd_conf.o
                0x00000000080077b8                USBD_Get_USB_Status
 .text.__errno  0x0000000008007810        0xc c:/st/stm32cubeide_1.7.0/stm32cubeide/plugins/com.st.stm32cube.ide.mcu.externaltools.gnu-tools-for-stm32.9-2020-q2-update.win32_2.0.0.202105311346/tools/bin/../lib/gcc/arm-none-eabi/9.3.1/../../../../arm-none-eabi/lib/thumb/v7e-m+fp/hard\libc_nano.a(lib_a-errno.o)
                0x0000000008007810                __errno
 .text.__libc_init_array
                0x000000000800781c       0x48 c:/st/stm32cubeide_1.7.0/stm32cubeide/plugins/com.st.stm32cube.ide.mcu.externaltools.gnu-tools-for-stm32.9-2020-q2-update.win32_2.0.0.202105311346/tools/bin/../lib/gcc/arm-none-eabi/9.3.1/../../../../arm-none-eabi/lib/thumb/v7e-m+fp/hard\libc_nano.a(lib_a-init.o)
                0x000000000800781c                __libc_init_array
 .text.memset   0x0000000008007864       0x10 c:/st/stm32cubeide_1.7.0/stm32cubeide/plugins/com.st.stm32cube.ide.mcu.externaltools.gnu-tools-for-stm32.9-2020-q2-update.win32_2.0.0.202105311346/tools/bin/../lib/gcc/arm-none-eabi/9.3.1/../../../../arm-none-eabi/lib/thumb/v7e-m+fp/hard\libc_nano.a(lib_a-memset.o)
                0x0000000008007864                memset
 .text.sprintf  0x0000000008007874       0x40 c:/st/stm32cubeide_1.7.0/stm32cubeide/plugins/com.st.stm32cube.ide.mcu.externaltools.gnu-tools-for-stm32.9-2020-q2-update.win32_2.0.0.202105311346/tools/bin/../lib/gcc/arm-none-eabi/9.3.1/../../../../arm-none-eabi/lib/thumb/v7e-m+fp/hard\libc_nano.a(lib_a-sprintf.o)
                0x0000000008007874                siprintf
                0x0000000008007874                sprintf
 .text.__ssputs_r
                0x00000000080078b4       0xb6 c:/st/stm32cubeide_1.7.0/stm32cubeide/plugins/com.st.stm32cube.ide.mcu.externaltools.gnu-tools-for-stm32.9-2020-q2-update.win32_2.0.0.202105311346/tools/bin/../lib/gcc/arm-none-eabi/9.3.1/../../../../arm-none-eabi/lib/thumb/v7e-m+fp/hard\libc_nano.a(lib_a-nano-svfprintf.o)
                0x00000000080078b4                __ssputs_r
 *fill*         0x000000000800796a        0x2 
 .text._svfprintf_r
                0x000000000800796c      0x200 c:/st/stm32cubeide_1.7.0/stm32cubeide/plugins/com.st.stm32cube.ide.mcu.externaltools.gnu-tools-for-stm32.9-2020-q2-update.win32_2.0.0.202105311346/tools/bin/../lib/gcc/arm-none-eabi/9.3.1/../../../../arm-none-eabi/lib/thumb/v7e-m+fp/hard\libc_nano.a(lib_a-nano-svfprintf.o)
                0x000000000800796c                _svfiprintf_r
                0x000000000800796c                _svfprintf_r
 .text._printf_common
                0x0000000008007b6c       0xda c:/st/stm32cubeide_1.7.0/stm32cubeide/plugins/com.st.stm32cube.ide.mcu.externaltools.gnu-tools-for-stm32.9-2020-q2-update.win32_2.0.0.202105311346/tools/bin/../lib/gcc/arm-none-eabi/9.3.1/../../../../arm-none-eabi/lib/thumb/v7e-m+fp/hard\libc_nano.a(lib_a-nano-vfprintf_i.o)
                0x0000000008007b6c                _printf_common
 *fill*         0x0000000008007c46        0x2 
 .text._printf_i
                0x0000000008007c48      0x24c c:/st/stm32cubeide_1.7.0/stm32cubeide/plugins/com.st.stm32cube.ide.mcu.externaltools.gnu-tools-for-stm32.9-2020-q2-update.win32_2.0.0.202105311346/tools/bin/../lib/gcc/arm-none-eabi/9.3.1/../../../../arm-none-eabi/lib/thumb/v7e-m+fp/hard\libc_nano.a(lib_a-nano-vfprintf_i.o)
                0x0000000008007c48                _printf_i
 .text.memcpy   0x0000000008007e94       0x1c c:/st/stm32cubeide_1.7.0/stm32cubeide/plugins/com.st.stm32cube.ide.mcu.externaltools.gnu-tools-for-stm32.9-2020-q2-update.win32_2.0.0.202105311346/tools/bin/../lib/gcc/arm-none-eabi/9.3.1/../../../../arm-none-eabi/lib/thumb/v7e-m+fp/hard\libc_nano.a(lib_a-memcpy-stub.o)
                0x0000000008007e94                memcpy
 .text.memmove  0x0000000008007eb0       0x34 c:/st/stm32cubeide_1.7.0/stm32cubeide/plugins/com.st.stm32cube.ide.mcu.externaltools.gnu-tools-for-stm32.9-2020-q2-update.win32_2.0.0.202105311346/tools/bin/../lib/gcc/arm-none-eabi/9.3.1/../../../../arm-none-eabi/lib/thumb/v7e-m+fp/hard\libc_nano.a(lib_a-memmove.o)
                0x0000000008007eb0                memmove
 .text._free_r  0x0000000008007ee4       0xa0 c:/st/stm32cubeide_1.7.0/stm32cubeide/plugins/com.st.stm32cube.ide.mcu.externaltools.gnu-tools-for-stm32.9-2020-q2-update.win32_2.0.0.202105311346/tools/bin/../lib/gcc/arm-none-eabi/9.3.1/../../../../arm-none-eabi/lib/thumb/v7e-m+fp/hard\libc_nano.a(lib_a-nano-freer.o)
                0x0000000008007ee4                _free_r
 .text._malloc_r
                0x0000000008007f84       0xb4 c:/st/stm32cubeide_1.7.0/stm32cubeide/plugins/com.st.stm32cube.ide.mcu.externaltools.gnu-tools-for-stm32.9-2020-q2-update.win32_2.0.0.202105311346/tools/bin/../lib/gcc/arm-none-eabi/9.3.1/../../../../arm-none-eabi/lib/thumb/v7e-m+fp/hard\libc_nano.a(lib_a-nano-mallocr.o)
                0x0000000008007f84                _malloc_r
 .text._realloc_r
                0x0000000008008038       0x4c c:/st/stm32cubeide_1.7.0/stm32cubeide/plugins/com.st.stm32cube.ide.mcu.externaltools.gnu-tools-for-stm32.9-2020-q2-update.win32_2.0.0.202105311346/tools/bin/../lib/gcc/arm-none-eabi/9.3.1/../../../../arm-none-eabi/lib/thumb/v7e-m+fp/hard\libc_nano.a(lib_a-nano-reallocr.o)
                0x0000000008008038                _realloc_r
 .text._sbrk_r  0x0000000008008084       0x20 c:/st/stm32cubeide_1.7.0/stm32cubeide/plugins/com.st.stm32cube.ide.mcu.externaltools.gnu-tools-for-stm32.9-2020-q2-update.win32_2.0.0.202105311346/tools/bin/../lib/gcc/arm-none-eabi/9.3.1/../../../../arm-none-eabi/lib/thumb/v7e-m+fp/hard\libc_nano.a(lib_a-sbrkr.o)
                0x0000000008008084                _sbrk_r
 .text.__malloc_lock
                0x00000000080080a4        0xc c:/st/stm32cubeide_1.7.0/stm32cubeide/plugins/com.st.stm32cube.ide.mcu.externaltools.gnu-tools-for-stm32.9-2020-q2-update.win32_2.0.0.202105311346/tools/bin/../lib/gcc/arm-none-eabi/9.3.1/../../../../arm-none-eabi/lib/thumb/v7e-m+fp/hard\libc_nano.a(lib_a-mlock.o)
                0x00000000080080a4                __malloc_lock
 .text.__malloc_unlock
                0x00000000080080b0        0xc c:/st/stm32cubeide_1.7.0/stm32cubeide/plugins/com.st.stm32cube.ide.mcu.externaltools.gnu-tools-for-stm32.9-2020-q2-update.win32_2.0.0.202105311346/tools/bin/../lib/gcc/arm-none-eabi/9.3.1/../../../../arm-none-eabi/lib/thumb/v7e-m+fp/hard\libc_nano.a(lib_a-mlock.o)
                0x00000000080080b0                __malloc_unlock
 .text._malloc_usable_size_r
                0x00000000080080bc       0x10 c:/st/stm32cubeide_1.7.0/stm32cubeide/plugins/com.st.stm32cube.ide.mcu.externaltools.gnu-tools-for-stm32.9-2020-q2-update.win32_2.0.0.202105311346/tools/bin/../lib/gcc/arm-none-eabi/9.3.1/../../../../arm-none-eabi/lib/thumb/v7e-m+fp/hard\libc_nano.a(lib_a-nano-msizer.o)
                0x00000000080080bc                _malloc_usable_size_r
 .text.__retarget_lock_acquire_recursive
                0x00000000080080cc        0x2 c:/st/stm32cubeide_1.7.0/stm32cubeide/plugins/com.st.stm32cube.ide.mcu.externaltools.gnu-tools-for-stm32.9-2020-q2-update.win32_2.0.0.202105311346/tools/bin/../lib/gcc/arm-none-eabi/9.3.1/../../../../arm-none-eabi/lib/thumb/v7e-m+fp/hard\libc_nano.a(lib_a-lock.o)
                0x00000000080080cc                __retarget_lock_acquire_recursive
 .text.__retarget_lock_release_recursive
                0x00000000080080ce        0x2 c:/st/stm32cubeide_1.7.0/stm32cubeide/plugins/com.st.stm32cube.ide.mcu.externaltools.gnu-tools-for-stm32.9-2020-q2-update.win32_2.0.0.202105311346/tools/bin/../lib/gcc/arm-none-eabi/9.3.1/../../../../arm-none-eabi/lib/thumb/v7e-m+fp/hard\libc_nano.a(lib_a-lock.o)
                0x00000000080080ce                __retarget_lock_release_recursive
 *(.glue_7)
 .glue_7        0x00000000080080d0        0x0 linker stubs
 *(.glue_7t)
 .glue_7t       0x00000000080080d0        0x0 linker stubs
 *(.eh_frame)
 .eh_frame      0x00000000080080d0        0x0 c:/st/stm32cubeide_1.7.0/stm32cubeide/plugins/com.st.stm32cube.ide.mcu.externaltools.gnu-tools-for-stm32.9-2020-q2-update.win32_2.0.0.202105311346/tools/bin/../lib/gcc/arm-none-eabi/9.3.1/thumb/v7e-m+fp/hard/crtbegin.o
 *(.init)
 .init          0x00000000080080d0        0x4 c:/st/stm32cubeide_1.7.0/stm32cubeide/plugins/com.st.stm32cube.ide.mcu.externaltools.gnu-tools-for-stm32.9-2020-q2-update.win32_2.0.0.202105311346/tools/bin/../lib/gcc/arm-none-eabi/9.3.1/thumb/v7e-m+fp/hard/crti.o
                0x00000000080080d0                _init
 .init          0x00000000080080d4        0x8 c:/st/stm32cubeide_1.7.0/stm32cubeide/plugins/com.st.stm32cube.ide.mcu.externaltools.gnu-tools-for-stm32.9-2020-q2-update.win32_2.0.0.202105311346/tools/bin/../lib/gcc/arm-none-eabi/9.3.1/thumb/v7e-m+fp/hard/crtn.o
 *(.fini)
 .fini          0x00000000080080dc        0x4 c:/st/stm32cubeide_1.7.0/stm32cubeide/plugins/com.st.stm32cube.ide.mcu.externaltools.gnu-tools-for-stm32.9-2020-q2-update.win32_2.0.0.202105311346/tools/bin/../lib/gcc/arm-none-eabi/9.3.1/thumb/v7e-m+fp/hard/crti.o
                0x00000000080080dc                _fini
 .fini          0x00000000080080e0        0x8 c:/st/stm32cubeide_1.7.0/stm32cubeide/plugins/com.st.stm32cube.ide.mcu.externaltools.gnu-tools-for-stm32.9-2020-q2-update.win32_2.0.0.202105311346/tools/bin/../lib/gcc/arm-none-eabi/9.3.1/thumb/v7e-m+fp/hard/crtn.o
                0x00000000080080e8                . = ALIGN (0x4)
                0x00000000080080e8                _etext = .

.vfp11_veneer   0x00000000080080e8        0x0
 .vfp11_veneer  0x00000000080080e8        0x0 linker stubs

.v4_bx          0x00000000080080e8        0x0
 .v4_bx         0x00000000080080e8        0x0 linker stubs

.iplt           0x00000000080080e8        0x0
 .iplt          0x00000000080080e8        0x0 c:/st/stm32cubeide_1.7.0/stm32cubeide/plugins/com.st.stm32cube.ide.mcu.externaltools.gnu-tools-for-stm32.9-2020-q2-update.win32_2.0.0.202105311346/tools/bin/../lib/gcc/arm-none-eabi/9.3.1/thumb/v7e-m+fp/hard/crtbegin.o

.rodata         0x00000000080080e8       0xa4
                0x00000000080080e8                . = ALIGN (0x4)
 *(.rodata)
 .rodata        0x00000000080080e8        0xd ./Core/Src/main.o
 *fill*         0x00000000080080f5        0x3 
 .rodata        0x00000000080080f8       0x46 ./USB_DEVICE/App/usbd_desc.o
 *(.rodata*)
 *fill*         0x000000000800813e        0x2 
 .rodata.AHBPrescTable
                0x0000000008008140       0x10 ./Core/Src/system_stm32f4xx.o
                0x0000000008008140                AHBPrescTable
 .rodata.APBPrescTable
                0x0000000008008150        0x8 ./Core/Src/system_stm32f4xx.o
                0x0000000008008150                APBPrescTable
 .rodata._svfprintf_r.str1.1
                0x0000000008008158       0x11 c:/st/stm32cubeide_1.7.0/stm32cubeide/plugins/com.st.stm32cube.ide.mcu.externaltools.gnu-tools-for-stm32.9-2020-q2-update.win32_2.0.0.202105311346/tools/bin/../lib/gcc/arm-none-eabi/9.3.1/../../../../arm-none-eabi/lib/thumb/v7e-m+fp/hard\libc_nano.a(lib_a-nano-svfprintf.o)
 .rodata._printf_i.str1.1
                0x0000000008008169       0x22 c:/st/stm32cubeide_1.7.0/stm32cubeide/plugins/com.st.stm32cube.ide.mcu.externaltools.gnu-tools-for-stm32.9-2020-q2-update.win32_2.0.0.202105311346/tools/bin/../lib/gcc/arm-none-eabi/9.3.1/../../../../arm-none-eabi/lib/thumb/v7e-m+fp/hard\libc_nano.a(lib_a-nano-vfprintf_i.o)
                0x000000000800818c                . = ALIGN (0x4)
 *fill*         0x000000000800818b        0x1 

.ARM.extab      0x000000000800818c        0x0
                0x000000000800818c                . = ALIGN (0x4)
 *(.ARM.extab* .gnu.linkonce.armextab.*)
                0x000000000800818c                . = ALIGN (0x4)

.ARM            0x000000000800818c        0x8
                0x000000000800818c                . = ALIGN (0x4)
                0x000000000800818c                __exidx_start = .
 *(.ARM.exidx*)
 .ARM.exidx     0x000000000800818c        0x8 c:/st/stm32cubeide_1.7.0/stm32cubeide/plugins/com.st.stm32cube.ide.mcu.externaltools.gnu-tools-for-stm32.9-2020-q2-update.win32_2.0.0.202105311346/tools/bin/../lib/gcc/arm-none-eabi/9.3.1/thumb/v7e-m+fp/hard\libgcc.a(_udivmoddi4.o)
                0x0000000008008194                __exidx_end = .
                0x0000000008008194                . = ALIGN (0x4)

.rel.dyn        0x0000000008008194        0x0
 .rel.iplt      0x0000000008008194        0x0 c:/st/stm32cubeide_1.7.0/stm32cubeide/plugins/com.st.stm32cube.ide.mcu.externaltools.gnu-tools-for-stm32.9-2020-q2-update.win32_2.0.0.202105311346/tools/bin/../lib/gcc/arm-none-eabi/9.3.1/thumb/v7e-m+fp/hard/crtbegin.o

.preinit_array  0x0000000008008194        0x0
                0x0000000008008194                . = ALIGN (0x4)
                0x0000000008008194                PROVIDE (__preinit_array_start = .)
 *(.preinit_array*)
                0x0000000008008194                PROVIDE (__preinit_array_end = .)
                0x0000000008008194                . = ALIGN (0x4)

.init_array     0x0000000008008194        0x4
                0x0000000008008194                . = ALIGN (0x4)
                0x0000000008008194                PROVIDE (__init_array_start = .)
 *(SORT_BY_NAME(.init_array.*))
 *(.init_array*)
 .init_array    0x0000000008008194        0x4 c:/st/stm32cubeide_1.7.0/stm32cubeide/plugins/com.st.stm32cube.ide.mcu.externaltools.gnu-tools-for-stm32.9-2020-q2-update.win32_2.0.0.202105311346/tools/bin/../lib/gcc/arm-none-eabi/9.3.1/thumb/v7e-m+fp/hard/crtbegin.o
                0x0000000008008198                PROVIDE (__init_array_end = .)
                0x0000000008008198                . = ALIGN (0x4)

.fini_array     0x0000000008008198        0x4
                0x0000000008008198                . = ALIGN (0x4)
                [!provide]                        PROVIDE (__fini_array_start = .)
 *(SORT_BY_NAME(.fini_array.*))
 *(.fini_array*)
 .fini_array    0x0000000008008198        0x4 c:/st/stm32cubeide_1.7.0/stm32cubeide/plugins/com.st.stm32cube.ide.mcu.externaltools.gnu-tools-for-stm32.9-2020-q2-update.win32_2.0.0.202105311346/tools/bin/../lib/gcc/arm-none-eabi/9.3.1/thumb/v7e-m+fp/hard/crtbegin.o
                [!provide]                        PROVIDE (__fini_array_end = .)
                0x000000000800819c                . = ALIGN (0x4)
                0x000000000800819c                _sidata = LOADADDR (.data)

.data           0x0000000020000000      0x1e4 load address 0x000000000800819c
                0x0000000020000000                . = ALIGN (0x4)
                0x0000000020000000                _sdata = .
 *(.data)
 *(.data*)
 .data.SystemCoreClock
                0x0000000020000000        0x4 ./Core/Src/system_stm32f4xx.o
                0x0000000020000000                SystemCoreClock
 .data.uwTickPrio
                0x0000000020000004        0x4 ./Drivers/STM32F4xx_HAL_Driver/Src/stm32f4xx_hal.o
                0x0000000020000004                uwTickPrio
 .data.uwTickFreq
                0x0000000020000008        0x1 ./Drivers/STM32F4xx_HAL_Driver/Src/stm32f4xx_hal.o
                0x0000000020000008                uwTickFreq
 *fill*         0x0000000020000009        0x3 
 .data.USBD_CDC_DeviceQualifierDesc
                0x000000002000000c        0xa ./Middlewares/ST/STM32_USB_Device_Library/Class/CDC/Src/usbd_cdc.o
 *fill*         0x0000000020000016        0x2 
 .data.USBD_CDC
                0x0000000020000018       0x38 ./Middlewares/ST/STM32_USB_Device_Library/Class/CDC/Src/usbd_cdc.o
                0x0000000020000018                USBD_CDC
 .data.USBD_CDC_CfgHSDesc
                0x0000000020000050       0x43 ./Middlewares/ST/STM32_USB_Device_Library/Class/CDC/Src/usbd_cdc.o
 *fill*         0x0000000020000093        0x1 
 .data.USBD_CDC_CfgFSDesc
                0x0000000020000094       0x43 ./Middlewares/ST/STM32_USB_Device_Library/Class/CDC/Src/usbd_cdc.o
 *fill*         0x00000000200000d7        0x1 
 .data.USBD_CDC_OtherSpeedCfgDesc
                0x00000000200000d8       0x43 ./Middlewares/ST/STM32_USB_Device_Library/Class/CDC/Src/usbd_cdc.o
 *fill*         0x000000002000011b        0x1 
 .data.USBD_Interface_fops_FS
                0x000000002000011c       0x14 ./USB_DEVICE/App/usbd_cdc_if.o
                0x000000002000011c                USBD_Interface_fops_FS
 .data.FS_Desc  0x0000000020000130       0x1c ./USB_DEVICE/App/usbd_desc.o
                0x0000000020000130                FS_Desc
 .data.USBD_FS_DeviceDesc
                0x000000002000014c       0x12 ./USB_DEVICE/App/usbd_desc.o
                0x000000002000014c                USBD_FS_DeviceDesc
 *fill*         0x000000002000015e        0x2 
 .data.USBD_LangIDDesc
                0x0000000020000160        0x4 ./USB_DEVICE/App/usbd_desc.o
                0x0000000020000160                USBD_LangIDDesc
 .data.USBD_StringSerial
                0x0000000020000164       0x1a ./USB_DEVICE/App/usbd_desc.o
                0x0000000020000164                USBD_StringSerial
 *fill*         0x000000002000017e        0x2 
 .data._impure_ptr
                0x0000000020000180        0x4 c:/st/stm32cubeide_1.7.0/stm32cubeide/plugins/com.st.stm32cube.ide.mcu.externaltools.gnu-tools-for-stm32.9-2020-q2-update.win32_2.0.0.202105311346/tools/bin/../lib/gcc/arm-none-eabi/9.3.1/../../../../arm-none-eabi/lib/thumb/v7e-m+fp/hard\libc_nano.a(lib_a-impure.o)
                0x0000000020000180                _impure_ptr
 .data.impure_data
                0x0000000020000184       0x60 c:/st/stm32cubeide_1.7.0/stm32cubeide/plugins/com.st.stm32cube.ide.mcu.externaltools.gnu-tools-for-stm32.9-2020-q2-update.win32_2.0.0.202105311346/tools/bin/../lib/gcc/arm-none-eabi/9.3.1/../../../../arm-none-eabi/lib/thumb/v7e-m+fp/hard\libc_nano.a(lib_a-impure.o)
 *(.RamFunc)
 *(.RamFunc*)
                0x00000000200001e4                . = ALIGN (0x4)
                0x00000000200001e4                _edata = .

.igot.plt       0x00000000200001e4        0x0 load address 0x0000000008008380
 .igot.plt      0x00000000200001e4        0x0 c:/st/stm32cubeide_1.7.0/stm32cubeide/plugins/com.st.stm32cube.ide.mcu.externaltools.gnu-tools-for-stm32.9-2020-q2-update.win32_2.0.0.202105311346/tools/bin/../lib/gcc/arm-none-eabi/9.3.1/thumb/v7e-m+fp/hard/crtbegin.o
                0x00000000200001e4                . = ALIGN (0x4)

.bss            0x00000000200001e4     0x1b98 load address 0x0000000008008380
                0x00000000200001e4                _sbss = .
                0x00000000200001e4                __bss_start__ = _sbss
 *(.bss)
 .bss           0x00000000200001e4       0x1c c:/st/stm32cubeide_1.7.0/stm32cubeide/plugins/com.st.stm32cube.ide.mcu.externaltools.gnu-tools-for-stm32.9-2020-q2-update.win32_2.0.0.202105311346/tools/bin/../lib/gcc/arm-none-eabi/9.3.1/thumb/v7e-m+fp/hard/crtbegin.o
 *(.bss*)
 .bss.__sbrk_heap_end
                0x0000000020000200        0x4 ./Core/Src/sysmem.o
 .bss.cfgidx.10010
                0x0000000020000204        0x1 ./Middlewares/ST/STM32_USB_Device_Library/Core/Src/usbd_ctlreq.o
 *fill*         0x0000000020000205        0x3 
 .bss.mem.10079
                0x0000000020000208      0x220 ./USB_DEVICE/Target/usbd_conf.o
 .bss.__malloc_free_list
                0x0000000020000428        0x4 c:/st/stm32cubeide_1.7.0/stm32cubeide/plugins/com.st.stm32cube.ide.mcu.externaltools.gnu-tools-for-stm32.9-2020-q2-update.win32_2.0.0.202105311346/tools/bin/../lib/gcc/arm-none-eabi/9.3.1/../../../../arm-none-eabi/lib/thumb/v7e-m+fp/hard\libc_nano.a(lib_a-nano-mallocr.o)
                0x0000000020000428                __malloc_free_list
 .bss.__malloc_sbrk_start
                0x000000002000042c        0x4 c:/st/stm32cubeide_1.7.0/stm32cubeide/plugins/com.st.stm32cube.ide.mcu.externaltools.gnu-tools-for-stm32.9-2020-q2-update.win32_2.0.0.202105311346/tools/bin/../lib/gcc/arm-none-eabi/9.3.1/../../../../arm-none-eabi/lib/thumb/v7e-m+fp/hard\libc_nano.a(lib_a-nano-mallocr.o)
                0x000000002000042c                __malloc_sbrk_start
 *(COMMON)
 COMMON         0x0000000020000430       0x60 ./Core/Src/main.o
                0x0000000020000430                hi2c1
                0x0000000020000484                thSensor
 COMMON         0x0000000020000490        0x4 ./Drivers/STM32F4xx_HAL_Driver/Src/stm32f4xx_hal.o
                0x0000000020000490                uwTick
 COMMON         0x0000000020000494      0x2d0 ./USB_DEVICE/App/usb_device.o
                0x0000000020000494                hUsbDeviceFS
 COMMON         0x0000000020000764     0x1000 ./USB_DEVICE/App/usbd_cdc_if.o
                0x0000000020000764                UserRxBufferFS
                0x0000000020000f64                UserTxBufferFS
 COMMON         0x0000000020001764      0x200 ./USB_DEVICE/App/usbd_desc.o
                0x0000000020001764                USBD_StrDesc
 COMMON         0x0000000020001964      0x408 ./USB_DEVICE/Target/usbd_conf.o
                0x0000000020001964                hpcd_USB_OTG_FS
 COMMON         0x0000000020001d6c        0x4 c:/st/stm32cubeide_1.7.0/stm32cubeide/plugins/com.st.stm32cube.ide.mcu.externaltools.gnu-tools-for-stm32.9-2020-q2-update.win32_2.0.0.202105311346/tools/bin/../lib/gcc/arm-none-eabi/9.3.1/../../../../arm-none-eabi/lib/thumb/v7e-m+fp/hard\libc_nano.a(lib_a-reent.o)
                0x0000000020001d6c                errno
 COMMON         0x0000000020001d70        0x9 c:/st/stm32cubeide_1.7.0/stm32cubeide/plugins/com.st.stm32cube.ide.mcu.externaltools.gnu-tools-for-stm32.9-2020-q2-update.win32_2.0.0.202105311346/tools/bin/../lib/gcc/arm-none-eabi/9.3.1/../../../../arm-none-eabi/lib/thumb/v7e-m+fp/hard\libc_nano.a(lib_a-lock.o)
                0x0000000020001d70                __lock___atexit_recursive_mutex
                0x0000000020001d71                __lock___arc4random_mutex
                0x0000000020001d72                __lock___env_recursive_mutex
                0x0000000020001d73                __lock___sinit_recursive_mutex
                0x0000000020001d74                __lock___malloc_recursive_mutex
                0x0000000020001d75                __lock___at_quick_exit_mutex
                0x0000000020001d76                __lock___dd_hash_mutex
                0x0000000020001d77                __lock___tz_mutex
                0x0000000020001d78                __lock___sfp_recursive_mutex
                0x0000000020001d7c                . = ALIGN (0x4)
 *fill*         0x0000000020001d79        0x3 
                0x0000000020001d7c                _ebss = .
                0x0000000020001d7c                __bss_end__ = _ebss

._user_heap_stack
                0x0000000020001d7c      0x604 load address 0x0000000008008380
                0x0000000020001d80                . = ALIGN (0x8)
 *fill*         0x0000000020001d7c        0x4 
                [!provide]                        PROVIDE (end = .)
                0x0000000020001d80                PROVIDE (_end = .)
                0x0000000020001f80                . = (. + _Min_Heap_Size)
 *fill*         0x0000000020001d80      0x200 
                0x0000000020002380                . = (. + _Min_Stack_Size)
 *fill*         0x0000000020001f80      0x400 
                0x0000000020002380                . = ALIGN (0x8)

/DISCARD/
 libc.a(*)
 libm.a(*)
 libgcc.a(*)

.ARM.attributes
                0x0000000000000000       0x30
 *(.ARM.attributes)
 .ARM.attributes
                0x0000000000000000       0x1e c:/st/stm32cubeide_1.7.0/stm32cubeide/plugins/com.st.stm32cube.ide.mcu.externaltools.gnu-tools-for-stm32.9-2020-q2-update.win32_2.0.0.202105311346/tools/bin/../lib/gcc/arm-none-eabi/9.3.1/thumb/v7e-m+fp/hard/crti.o
 .ARM.attributes
                0x000000000000001e       0x34 c:/st/stm32cubeide_1.7.0/stm32cubeide/plugins/com.st.stm32cube.ide.mcu.externaltools.gnu-tools-for-stm32.9-2020-q2-update.win32_2.0.0.202105311346/tools/bin/../lib/gcc/arm-none-eabi/9.3.1/thumb/v7e-m+fp/hard/crtbegin.o
 .ARM.attributes
                0x0000000000000052       0x34 ./Core/Src/AHT20.o
 .ARM.attributes
                0x0000000000000086       0x34 ./Core/Src/main.o
 .ARM.attributes
                0x00000000000000ba       0x34 ./Core/Src/stm32f4xx_hal_msp.o
 .ARM.attributes
                0x00000000000000ee       0x34 ./Core/Src/stm32f4xx_it.o
 .ARM.attributes
                0x0000000000000122       0x34 ./Core/Src/sysmem.o
 .ARM.attributes
                0x0000000000000156       0x34 ./Core/Src/system_stm32f4xx.o
 .ARM.attributes
                0x000000000000018a       0x21 ./Core/Startup/startup_stm32f411ceux.o
 .ARM.attributes
                0x00000000000001ab       0x34 ./Drivers/STM32F4xx_HAL_Driver/Src/stm32f4xx_hal.o
 .ARM.attributes
                0x00000000000001df       0x34 ./Drivers/STM32F4xx_HAL_Driver/Src/stm32f4xx_hal_cortex.o
 .ARM.attributes
                0x0000000000000213       0x34 ./Drivers/STM32F4xx_HAL_Driver/Src/stm32f4xx_hal_gpio.o
 .ARM.attributes
                0x0000000000000247       0x34 ./Drivers/STM32F4xx_HAL_Driver/Src/stm32f4xx_hal_i2c.o
 .ARM.attributes
                0x000000000000027b       0x34 ./Drivers/STM32F4xx_HAL_Driver/Src/stm32f4xx_hal_pcd.o
 .ARM.attributes
                0x00000000000002af       0x34 ./Drivers/STM32F4xx_HAL_Driver/Src/stm32f4xx_hal_pcd_ex.o
 .ARM.attributes
                0x00000000000002e3       0x34 ./Drivers/STM32F4xx_HAL_Driver/Src/stm32f4xx_hal_rcc.o
 .ARM.attributes
                0x0000000000000317       0x34 ./Drivers/STM32F4xx_HAL_Driver/Src/stm32f4xx_ll_usb.o
 .ARM.attributes
                0x000000000000034b       0x34 ./Middlewares/ST/STM32_USB_Device_Library/Class/CDC/Src/usbd_cdc.o
 .ARM.attributes
                0x000000000000037f       0x34 ./Middlewares/ST/STM32_USB_Device_Library/Core/Src/usbd_core.o
 .ARM.attributes
                0x00000000000003b3       0x34 ./Middlewares/ST/STM32_USB_Device_Library/Core/Src/usbd_ctlreq.o
 .ARM.attributes
                0x00000000000003e7       0x34 ./Middlewares/ST/STM32_USB_Device_Library/Core/Src/usbd_ioreq.o
 .ARM.attributes
                0x000000000000041b       0x34 ./USB_DEVICE/App/usb_device.o
 .ARM.attributes
                0x000000000000044f       0x34 ./USB_DEVICE/App/usbd_cdc_if.o
 .ARM.attributes
                0x0000000000000483       0x34 ./USB_DEVICE/App/usbd_desc.o
 .ARM.attributes
                0x00000000000004b7       0x34 ./USB_DEVICE/Target/usbd_conf.o
 .ARM.attributes
                0x00000000000004eb       0x34 c:/st/stm32cubeide_1.7.0/stm32cubeide/plugins/com.st.stm32cube.ide.mcu.externaltools.gnu-tools-for-stm32.9-2020-q2-update.win32_2.0.0.202105311346/tools/bin/../lib/gcc/arm-none-eabi/9.3.1/../../../../arm-none-eabi/lib/thumb/v7e-m+fp/hard\libc_nano.a(lib_a-errno.o)
 .ARM.attributes
                0x000000000000051f       0x32 c:/st/stm32cubeide_1.7.0/stm32cubeide/plugins/com.st.stm32cube.ide.mcu.externaltools.gnu-tools-for-stm32.9-2020-q2-update.win32_2.0.0.202105311346/tools/bin/../lib/gcc/arm-none-eabi/9.3.1/../../../../arm-none-eabi/lib/thumb/v7e-m+fp/hard\libc_nano.a(lib_a-impure.o)
 .ARM.attributes
                0x0000000000000551       0x34 c:/st/stm32cubeide_1.7.0/stm32cubeide/plugins/com.st.stm32cube.ide.mcu.externaltools.gnu-tools-for-stm32.9-2020-q2-update.win32_2.0.0.202105311346/tools/bin/../lib/gcc/arm-none-eabi/9.3.1/../../../../arm-none-eabi/lib/thumb/v7e-m+fp/hard\libc_nano.a(lib_a-init.o)
 .ARM.attributes
                0x0000000000000585       0x34 c:/st/stm32cubeide_1.7.0/stm32cubeide/plugins/com.st.stm32cube.ide.mcu.externaltools.gnu-tools-for-stm32.9-2020-q2-update.win32_2.0.0.202105311346/tools/bin/../lib/gcc/arm-none-eabi/9.3.1/../../../../arm-none-eabi/lib/thumb/v7e-m+fp/hard\libc_nano.a(lib_a-memset.o)
 .ARM.attributes
                0x00000000000005b9       0x34 c:/st/stm32cubeide_1.7.0/stm32cubeide/plugins/com.st.stm32cube.ide.mcu.externaltools.gnu-tools-for-stm32.9-2020-q2-update.win32_2.0.0.202105311346/tools/bin/../lib/gcc/arm-none-eabi/9.3.1/../../../../arm-none-eabi/lib/thumb/v7e-m+fp/hard\libc_nano.a(lib_a-sprintf.o)
 .ARM.attributes
                0x00000000000005ed       0x17 c:/st/stm32cubeide_1.7.0/stm32cubeide/plugins/com.st.stm32cube.ide.mcu.externaltools.gnu-tools-for-stm32.9-2020-q2-update.win32_2.0.0.202105311346/tools/bin/../lib/gcc/arm-none-eabi/9.3.1/../../../../arm-none-eabi/lib/thumb/v7e-m+fp/hard\libc_nano.a(lib_a-strlen.o)
 .ARM.attributes
                0x0000000000000604       0x34 c:/st/stm32cubeide_1.7.0/stm32cubeide/plugins/com.st.stm32cube.ide.mcu.externaltools.gnu-tools-for-stm32.9-2020-q2-update.win32_2.0.0.202105311346/tools/bin/../lib/gcc/arm-none-eabi/9.3.1/../../../../arm-none-eabi/lib/thumb/v7e-m+fp/hard\libc_nano.a(lib_a-nano-svfprintf.o)
 .ARM.attributes
                0x0000000000000638       0x34 c:/st/stm32cubeide_1.7.0/stm32cubeide/plugins/com.st.stm32cube.ide.mcu.externaltools.gnu-tools-for-stm32.9-2020-q2-update.win32_2.0.0.202105311346/tools/bin/../lib/gcc/arm-none-eabi/9.3.1/../../../../arm-none-eabi/lib/thumb/v7e-m+fp/hard\libc_nano.a(lib_a-nano-vfprintf_i.o)
 .ARM.attributes
                0x000000000000066c       0x1c c:/st/stm32cubeide_1.7.0/stm32cubeide/plugins/com.st.stm32cube.ide.mcu.externaltools.gnu-tools-for-stm32.9-2020-q2-update.win32_2.0.0.202105311346/tools/bin/../lib/gcc/arm-none-eabi/9.3.1/../../../../arm-none-eabi/lib/thumb/v7e-m+fp/hard\libc_nano.a(lib_a-memchr.o)
 .ARM.attributes
                0x0000000000000688       0x34 c:/st/stm32cubeide_1.7.0/stm32cubeide/plugins/com.st.stm32cube.ide.mcu.externaltools.gnu-tools-for-stm32.9-2020-q2-update.win32_2.0.0.202105311346/tools/bin/../lib/gcc/arm-none-eabi/9.3.1/../../../../arm-none-eabi/lib/thumb/v7e-m+fp/hard\libc_nano.a(lib_a-memcpy-stub.o)
 .ARM.attributes
                0x00000000000006bc       0x34 c:/st/stm32cubeide_1.7.0/stm32cubeide/plugins/com.st.stm32cube.ide.mcu.externaltools.gnu-tools-for-stm32.9-2020-q2-update.win32_2.0.0.202105311346/tools/bin/../lib/gcc/arm-none-eabi/9.3.1/../../../../arm-none-eabi/lib/thumb/v7e-m+fp/hard\libc_nano.a(lib_a-memmove.o)
 .ARM.attributes
                0x00000000000006f0       0x34 c:/st/stm32cubeide_1.7.0/stm32cubeide/plugins/com.st.stm32cube.ide.mcu.externaltools.gnu-tools-for-stm32.9-2020-q2-update.win32_2.0.0.202105311346/tools/bin/../lib/gcc/arm-none-eabi/9.3.1/../../../../arm-none-eabi/lib/thumb/v7e-m+fp/hard\libc_nano.a(lib_a-nano-freer.o)
 .ARM.attributes
                0x0000000000000724       0x34 c:/st/stm32cubeide_1.7.0/stm32cubeide/plugins/com.st.stm32cube.ide.mcu.externaltools.gnu-tools-for-stm32.9-2020-q2-update.win32_2.0.0.202105311346/tools/bin/../lib/gcc/arm-none-eabi/9.3.1/../../../../arm-none-eabi/lib/thumb/v7e-m+fp/hard\libc_nano.a(lib_a-nano-mallocr.o)
 .ARM.attributes
                0x0000000000000758       0x34 c:/st/stm32cubeide_1.7.0/stm32cubeide/plugins/com.st.stm32cube.ide.mcu.externaltools.gnu-tools-for-stm32.9-2020-q2-update.win32_2.0.0.202105311346/tools/bin/../lib/gcc/arm-none-eabi/9.3.1/../../../../arm-none-eabi/lib/thumb/v7e-m+fp/hard\libc_nano.a(lib_a-nano-reallocr.o)
 .ARM.attributes
                0x000000000000078c       0x34 c:/st/stm32cubeide_1.7.0/stm32cubeide/plugins/com.st.stm32cube.ide.mcu.externaltools.gnu-tools-for-stm32.9-2020-q2-update.win32_2.0.0.202105311346/tools/bin/../lib/gcc/arm-none-eabi/9.3.1/../../../../arm-none-eabi/lib/thumb/v7e-m+fp/hard\libc_nano.a(lib_a-sbrkr.o)
 .ARM.attributes
                0x00000000000007c0       0x34 c:/st/stm32cubeide_1.7.0/stm32cubeide/plugins/com.st.stm32cube.ide.mcu.externaltools.gnu-tools-for-stm32.9-2020-q2-update.win32_2.0.0.202105311346/tools/bin/../lib/gcc/arm-none-eabi/9.3.1/../../../../arm-none-eabi/lib/thumb/v7e-m+fp/hard\libc_nano.a(lib_a-mlock.o)
 .ARM.attributes
                0x00000000000007f4       0x34 c:/st/stm32cubeide_1.7.0/stm32cubeide/plugins/com.st.stm32cube.ide.mcu.externaltools.gnu-tools-for-stm32.9-2020-q2-update.win32_2.0.0.202105311346/tools/bin/../lib/gcc/arm-none-eabi/9.3.1/../../../../arm-none-eabi/lib/thumb/v7e-m+fp/hard\libc_nano.a(lib_a-nano-msizer.o)
 .ARM.attributes
                0x0000000000000828       0x34 c:/st/stm32cubeide_1.7.0/stm32cubeide/plugins/com.st.stm32cube.ide.mcu.externaltools.gnu-tools-for-stm32.9-2020-q2-update.win32_2.0.0.202105311346/tools/bin/../lib/gcc/arm-none-eabi/9.3.1/../../../../arm-none-eabi/lib/thumb/v7e-m+fp/hard\libc_nano.a(lib_a-reent.o)
 .ARM.attributes
                0x000000000000085c       0x34 c:/st/stm32cubeide_1.7.0/stm32cubeide/plugins/com.st.stm32cube.ide.mcu.externaltools.gnu-tools-for-stm32.9-2020-q2-update.win32_2.0.0.202105311346/tools/bin/../lib/gcc/arm-none-eabi/9.3.1/../../../../arm-none-eabi/lib/thumb/v7e-m+fp/hard\libc_nano.a(lib_a-lock.o)
 .ARM.attributes
                0x0000000000000890       0x1e c:/st/stm32cubeide_1.7.0/stm32cubeide/plugins/com.st.stm32cube.ide.mcu.externaltools.gnu-tools-for-stm32.9-2020-q2-update.win32_2.0.0.202105311346/tools/bin/../lib/gcc/arm-none-eabi/9.3.1/thumb/v7e-m+fp/hard\libgcc.a(_aeabi_uldivmod.o)
 .ARM.attributes
                0x00000000000008ae       0x34 c:/st/stm32cubeide_1.7.0/stm32cubeide/plugins/com.st.stm32cube.ide.mcu.externaltools.gnu-tools-for-stm32.9-2020-q2-update.win32_2.0.0.202105311346/tools/bin/../lib/gcc/arm-none-eabi/9.3.1/thumb/v7e-m+fp/hard\libgcc.a(_udivmoddi4.o)
 .ARM.attributes
                0x00000000000008e2       0x1e c:/st/stm32cubeide_1.7.0/stm32cubeide/plugins/com.st.stm32cube.ide.mcu.externaltools.gnu-tools-for-stm32.9-2020-q2-update.win32_2.0.0.202105311346/tools/bin/../lib/gcc/arm-none-eabi/9.3.1/thumb/v7e-m+fp/hard\libgcc.a(_dvmd_tls.o)
 .ARM.attributes
                0x0000000000000900       0x1e c:/st/stm32cubeide_1.7.0/stm32cubeide/plugins/com.st.stm32cube.ide.mcu.externaltools.gnu-tools-for-stm32.9-2020-q2-update.win32_2.0.0.202105311346/tools/bin/../lib/gcc/arm-none-eabi/9.3.1/thumb/v7e-m+fp/hard/crtn.o
OUTPUT(STM32F411CEU6_Test.elf elf32-littlearm)
LOAD linker stubs
LOAD c:/st/stm32cubeide_1.7.0/stm32cubeide/plugins/com.st.stm32cube.ide.mcu.externaltools.gnu-tools-for-stm32.9-2020-q2-update.win32_2.0.0.202105311346/tools/bin/../lib/gcc/arm-none-eabi/9.3.1/../../../../arm-none-eabi/lib/thumb/v7e-m+fp/hard\libc.a
LOAD c:/st/stm32cubeide_1.7.0/stm32cubeide/plugins/com.st.stm32cube.ide.mcu.externaltools.gnu-tools-for-stm32.9-2020-q2-update.win32_2.0.0.202105311346/tools/bin/../lib/gcc/arm-none-eabi/9.3.1/../../../../arm-none-eabi/lib/thumb/v7e-m+fp/hard\libm.a
LOAD c:/st/stm32cubeide_1.7.0/stm32cubeide/plugins/com.st.stm32cube.ide.mcu.externaltools.gnu-tools-for-stm32.9-2020-q2-update.win32_2.0.0.202105311346/tools/bin/../lib/gcc/arm-none-eabi/9.3.1/thumb/v7e-m+fp/hard\libgcc.a

.debug_info     0x0000000000000000    0x170e9
 .debug_info    0x0000000000000000      0x900 ./Core/Src/AHT20.o
 .debug_info    0x0000000000000900     0x1d58 ./Core/Src/main.o
 .debug_info    0x0000000000002658      0xaa5 ./Core/Src/stm32f4xx_hal_msp.o
 .debug_info    0x00000000000030fd      0x6ed ./Core/Src/stm32f4xx_it.o
 .debug_info    0x00000000000037ea      0xa25 ./Core/Src/sysmem.o
 .debug_info    0x000000000000420f      0x5d0 ./Core/Src/system_stm32f4xx.o
 .debug_info    0x00000000000047df       0x22 ./Core/Startup/startup_stm32f411ceux.o
 .debug_info    0x0000000000004801      0x944 ./Drivers/STM32F4xx_HAL_Driver/Src/stm32f4xx_hal.o
 .debug_info    0x0000000000005145      0xe47 ./Drivers/STM32F4xx_HAL_Driver/Src/stm32f4xx_hal_cortex.o
 .debug_info    0x0000000000005f8c      0x862 ./Drivers/STM32F4xx_HAL_Driver/Src/stm32f4xx_hal_gpio.o
 .debug_info    0x00000000000067ee     0x2653 ./Drivers/STM32F4xx_HAL_Driver/Src/stm32f4xx_hal_i2c.o
 .debug_info    0x0000000000008e41     0x12d5 ./Drivers/STM32F4xx_HAL_Driver/Src/stm32f4xx_hal_pcd.o
 .debug_info    0x000000000000a116      0x7c3 ./Drivers/STM32F4xx_HAL_Driver/Src/stm32f4xx_hal_pcd_ex.o
 .debug_info    0x000000000000a8d9      0x9be ./Drivers/STM32F4xx_HAL_Driver/Src/stm32f4xx_hal_rcc.o
 .debug_info    0x000000000000b297     0x1ab4 ./Drivers/STM32F4xx_HAL_Driver/Src/stm32f4xx_ll_usb.o
 .debug_info    0x000000000000cd4b     0x198b ./Middlewares/ST/STM32_USB_Device_Library/Class/CDC/Src/usbd_cdc.o
 .debug_info    0x000000000000e6d6     0x13a7 ./Middlewares/ST/STM32_USB_Device_Library/Core/Src/usbd_core.o
 .debug_info    0x000000000000fa7d     0x1373 ./Middlewares/ST/STM32_USB_Device_Library/Core/Src/usbd_ctlreq.o
 .debug_info    0x0000000000010df0     0x1095 ./Middlewares/ST/STM32_USB_Device_Library/Core/Src/usbd_ioreq.o
 .debug_info    0x0000000000011e85      0xffe ./USB_DEVICE/App/usb_device.o
 .debug_info    0x0000000000012e83     0x122f ./USB_DEVICE/App/usbd_cdc_if.o
 .debug_info    0x00000000000140b2      0xdfa ./USB_DEVICE/App/usbd_desc.o
 .debug_info    0x0000000000014eac     0x223d ./USB_DEVICE/Target/usbd_conf.o

.debug_abbrev   0x0000000000000000     0x3440
 .debug_abbrev  0x0000000000000000      0x1be ./Core/Src/AHT20.o
 .debug_abbrev  0x00000000000001be      0x2e8 ./Core/Src/main.o
 .debug_abbrev  0x00000000000004a6      0x1ac ./Core/Src/stm32f4xx_hal_msp.o
 .debug_abbrev  0x0000000000000652      0x184 ./Core/Src/stm32f4xx_it.o
 .debug_abbrev  0x00000000000007d6      0x1bf ./Core/Src/sysmem.o
 .debug_abbrev  0x0000000000000995      0x145 ./Core/Src/system_stm32f4xx.o
 .debug_abbrev  0x0000000000000ada       0x12 ./Core/Startup/startup_stm32f411ceux.o
 .debug_abbrev  0x0000000000000aec      0x21e ./Drivers/STM32F4xx_HAL_Driver/Src/stm32f4xx_hal.o
 .debug_abbrev  0x0000000000000d0a      0x33c ./Drivers/STM32F4xx_HAL_Driver/Src/stm32f4xx_hal_cortex.o
 .debug_abbrev  0x0000000000001046      0x1f1 ./Drivers/STM32F4xx_HAL_Driver/Src/stm32f4xx_hal_gpio.o
 .debug_abbrev  0x0000000000001237      0x293 ./Drivers/STM32F4xx_HAL_Driver/Src/stm32f4xx_hal_i2c.o
 .debug_abbrev  0x00000000000014ca      0x2a0 ./Drivers/STM32F4xx_HAL_Driver/Src/stm32f4xx_hal_pcd.o
 .debug_abbrev  0x000000000000176a      0x1fb ./Drivers/STM32F4xx_HAL_Driver/Src/stm32f4xx_hal_pcd_ex.o
 .debug_abbrev  0x0000000000001965      0x275 ./Drivers/STM32F4xx_HAL_Driver/Src/stm32f4xx_hal_rcc.o
 .debug_abbrev  0x0000000000001bda      0x2a7 ./Drivers/STM32F4xx_HAL_Driver/Src/stm32f4xx_ll_usb.o
 .debug_abbrev  0x0000000000001e81      0x2fc ./Middlewares/ST/STM32_USB_Device_Library/Class/CDC/Src/usbd_cdc.o
 .debug_abbrev  0x000000000000217d      0x2b7 ./Middlewares/ST/STM32_USB_Device_Library/Core/Src/usbd_core.o
 .debug_abbrev  0x0000000000002434      0x2fc ./Middlewares/ST/STM32_USB_Device_Library/Core/Src/usbd_ctlreq.o
 .debug_abbrev  0x0000000000002730      0x22a ./Middlewares/ST/STM32_USB_Device_Library/Core/Src/usbd_ioreq.o
 .debug_abbrev  0x000000000000295a      0x204 ./USB_DEVICE/App/usb_device.o
 .debug_abbrev  0x0000000000002b5e      0x30c ./USB_DEVICE/App/usbd_cdc_if.o
 .debug_abbrev  0x0000000000002e6a      0x2aa ./USB_DEVICE/App/usbd_desc.o
 .debug_abbrev  0x0000000000003114      0x32c ./USB_DEVICE/Target/usbd_conf.o

.debug_aranges  0x0000000000000000      0xe28
 .debug_aranges
                0x0000000000000000       0x40 ./Core/Src/AHT20.o
 .debug_aranges
                0x0000000000000040       0x48 ./Core/Src/main.o
 .debug_aranges
                0x0000000000000088       0x30 ./Core/Src/stm32f4xx_hal_msp.o
 .debug_aranges
                0x00000000000000b8       0x70 ./Core/Src/stm32f4xx_it.o
 .debug_aranges
                0x0000000000000128       0x20 ./Core/Src/sysmem.o
 .debug_aranges
                0x0000000000000148       0x28 ./Core/Src/system_stm32f4xx.o
 .debug_aranges
                0x0000000000000170       0x28 ./Core/Startup/startup_stm32f411ceux.o
 .debug_aranges
                0x0000000000000198       0xf0 ./Drivers/STM32F4xx_HAL_Driver/Src/stm32f4xx_hal.o
 .debug_aranges
                0x0000000000000288      0x118 ./Drivers/STM32F4xx_HAL_Driver/Src/stm32f4xx_hal_cortex.o
 .debug_aranges
                0x00000000000003a0       0x58 ./Drivers/STM32F4xx_HAL_Driver/Src/stm32f4xx_hal_gpio.o
 .debug_aranges
                0x00000000000003f8      0x2a0 ./Drivers/STM32F4xx_HAL_Driver/Src/stm32f4xx_hal_i2c.o
 .debug_aranges
                0x0000000000000698      0x138 ./Drivers/STM32F4xx_HAL_Driver/Src/stm32f4xx_hal_pcd.o
 .debug_aranges
                0x00000000000007d0       0x38 ./Drivers/STM32F4xx_HAL_Driver/Src/stm32f4xx_hal_pcd_ex.o
 .debug_aranges
                0x0000000000000808       0x88 ./Drivers/STM32F4xx_HAL_Driver/Src/stm32f4xx_hal_rcc.o
 .debug_aranges
                0x0000000000000890      0x198 ./Drivers/STM32F4xx_HAL_Driver/Src/stm32f4xx_ll_usb.o
 .debug_aranges
                0x0000000000000a28       0x90 ./Middlewares/ST/STM32_USB_Device_Library/Class/CDC/Src/usbd_cdc.o
 .debug_aranges
                0x0000000000000ab8       0xb8 ./Middlewares/ST/STM32_USB_Device_Library/Core/Src/usbd_core.o
 .debug_aranges
                0x0000000000000b70       0x90 ./Middlewares/ST/STM32_USB_Device_Library/Core/Src/usbd_ctlreq.o
 .debug_aranges
                0x0000000000000c00       0x50 ./Middlewares/ST/STM32_USB_Device_Library/Core/Src/usbd_ioreq.o
 .debug_aranges
                0x0000000000000c50       0x20 ./USB_DEVICE/App/usb_device.o
 .debug_aranges
                0x0000000000000c70       0x48 ./USB_DEVICE/App/usbd_cdc_if.o
 .debug_aranges
                0x0000000000000cb8       0x60 ./USB_DEVICE/App/usbd_desc.o
 .debug_aranges
                0x0000000000000d18      0x110 ./USB_DEVICE/Target/usbd_conf.o

.debug_ranges   0x0000000000000000      0xce8
 .debug_ranges  0x0000000000000000       0x30 ./Core/Src/AHT20.o
 .debug_ranges  0x0000000000000030       0x38 ./Core/Src/main.o
 .debug_ranges  0x0000000000000068       0x20 ./Core/Src/stm32f4xx_hal_msp.o
 .debug_ranges  0x0000000000000088       0x60 ./Core/Src/stm32f4xx_it.o
 .debug_ranges  0x00000000000000e8       0x10 ./Core/Src/sysmem.o
 .debug_ranges  0x00000000000000f8       0x18 ./Core/Src/system_stm32f4xx.o
 .debug_ranges  0x0000000000000110       0x20 ./Core/Startup/startup_stm32f411ceux.o
 .debug_ranges  0x0000000000000130       0xe0 ./Drivers/STM32F4xx_HAL_Driver/Src/stm32f4xx_hal.o
 .debug_ranges  0x0000000000000210      0x108 ./Drivers/STM32F4xx_HAL_Driver/Src/stm32f4xx_hal_cortex.o
 .debug_ranges  0x0000000000000318       0x48 ./Drivers/STM32F4xx_HAL_Driver/Src/stm32f4xx_hal_gpio.o
 .debug_ranges  0x0000000000000360      0x2b8 ./Drivers/STM32F4xx_HAL_Driver/Src/stm32f4xx_hal_i2c.o
 .debug_ranges  0x0000000000000618      0x128 ./Drivers/STM32F4xx_HAL_Driver/Src/stm32f4xx_hal_pcd.o
 .debug_ranges  0x0000000000000740       0x28 ./Drivers/STM32F4xx_HAL_Driver/Src/stm32f4xx_hal_pcd_ex.o
 .debug_ranges  0x0000000000000768       0x78 ./Drivers/STM32F4xx_HAL_Driver/Src/stm32f4xx_hal_rcc.o
 .debug_ranges  0x00000000000007e0      0x188 ./Drivers/STM32F4xx_HAL_Driver/Src/stm32f4xx_ll_usb.o
 .debug_ranges  0x0000000000000968       0x80 ./Middlewares/ST/STM32_USB_Device_Library/Class/CDC/Src/usbd_cdc.o
 .debug_ranges  0x00000000000009e8       0xa8 ./Middlewares/ST/STM32_USB_Device_Library/Core/Src/usbd_core.o
 .debug_ranges  0x0000000000000a90       0x80 ./Middlewares/ST/STM32_USB_Device_Library/Core/Src/usbd_ctlreq.o
 .debug_ranges  0x0000000000000b10       0x40 ./Middlewares/ST/STM32_USB_Device_Library/Core/Src/usbd_ioreq.o
 .debug_ranges  0x0000000000000b50       0x10 ./USB_DEVICE/App/usb_device.o
 .debug_ranges  0x0000000000000b60       0x38 ./USB_DEVICE/App/usbd_cdc_if.o
 .debug_ranges  0x0000000000000b98       0x50 ./USB_DEVICE/App/usbd_desc.o
 .debug_ranges  0x0000000000000be8      0x100 ./USB_DEVICE/Target/usbd_conf.o

.debug_macro    0x0000000000000000    0x19019
 .debug_macro   0x0000000000000000      0x1fc ./Core/Src/AHT20.o
 .debug_macro   0x00000000000001fc      0xaa8 ./Core/Src/AHT20.o
 .debug_macro   0x0000000000000ca4      0x29b ./Core/Src/AHT20.o
 .debug_macro   0x0000000000000f3f       0x2e ./Core/Src/AHT20.o
 .debug_macro   0x0000000000000f6d       0x28 ./Core/Src/AHT20.o
 .debug_macro   0x0000000000000f95       0x22 ./Core/Src/AHT20.o
 .debug_macro   0x0000000000000fb7       0x8e ./Core/Src/AHT20.o
 .debug_macro   0x0000000000001045       0x51 ./Core/Src/AHT20.o
 .debug_macro   0x0000000000001096      0x103 ./Core/Src/AHT20.o
 .debug_macro   0x0000000000001199       0x6a ./Core/Src/AHT20.o
 .debug_macro   0x0000000000001203      0x1df ./Core/Src/AHT20.o
 .debug_macro   0x00000000000013e2       0x1c ./Core/Src/AHT20.o
 .debug_macro   0x00000000000013fe       0x22 ./Core/Src/AHT20.o
 .debug_macro   0x0000000000001420       0xdf ./Core/Src/AHT20.o
 .debug_macro   0x00000000000014ff     0x102d ./Core/Src/AHT20.o
 .debug_macro   0x000000000000252c      0x11f ./Core/Src/AHT20.o
 .debug_macro   0x000000000000264b     0xb953 ./Core/Src/AHT20.o
 .debug_macro   0x000000000000df9e       0x6d ./Core/Src/AHT20.o
 .debug_macro   0x000000000000e00b     0x3666 ./Core/Src/AHT20.o
 .debug_macro   0x0000000000011671      0x174 ./Core/Src/AHT20.o
 .debug_macro   0x00000000000117e5       0x5c ./Core/Src/AHT20.o
 .debug_macro   0x0000000000011841      0x447 ./Core/Src/AHT20.o
 .debug_macro   0x0000000000011c88      0x9fe ./Core/Src/AHT20.o
 .debug_macro   0x0000000000012686      0x116 ./Core/Src/AHT20.o
 .debug_macro   0x000000000001279c      0x11b ./Core/Src/AHT20.o
 .debug_macro   0x00000000000128b7       0xa5 ./Core/Src/AHT20.o
 .debug_macro   0x000000000001295c      0x15f ./Core/Src/AHT20.o
 .debug_macro   0x0000000000012abb      0x287 ./Core/Src/AHT20.o
 .debug_macro   0x0000000000012d42       0x5f ./Core/Src/AHT20.o
 .debug_macro   0x0000000000012da1      0x236 ./Core/Src/AHT20.o
 .debug_macro   0x0000000000012fd7      0x132 ./Core/Src/AHT20.o
 .debug_macro   0x0000000000013109      0x264 ./Core/Src/AHT20.o
 .debug_macro   0x000000000001336d       0x2e ./Core/Src/AHT20.o
 .debug_macro   0x000000000001339b      0x1b5 ./Core/Src/AHT20.o
 .debug_macro   0x0000000000013550       0x22 ./Core/Src/AHT20.o
 .debug_macro   0x0000000000013572       0xd6 ./Core/Src/AHT20.o
 .debug_macro   0x0000000000013648      0x11a ./Core/Src/AHT20.o